[38;5;159m[Genesis] [20:48:21] [INFO] [38;5;121m╭───────────────────────────────────────────────╮[0m[38;5;159m[0m
[38;5;159m[Genesis] [20:48:21] [INFO] [38;5;121m│┈┉┈┉┈┉┈┉┈┉┈┉┈┉┈┉┈┉┈[0m[38;5;159m [38;5;121m[1m[3mGenesis[0m[38;5;159m [38;5;121m┈┉┈┉┈┉┈┉┈┉┈┉┈┉┈┉┈┉┈│[0m[38;5;159m[0m
[38;5;159m[Genesis] [20:48:21] [INFO] [38;5;121m╰───────────────────────────────────────────────╯[0m[38;5;159m[0m
[38;5;159m[Genesis] [20:48:22] [INFO] Running on [38;5;121m[4m[AMD Radeon Graphics][0m[38;5;159m with backend [38;5;121m[4mgs.amdgpu[0m[38;5;159m. Device memory: [38;5;121m[4m47.98[0m[38;5;159m GB.[0m
[38;5;159m[Genesis] [20:48:22] [INFO] 🚀 Genesis initialized. 🔖 version: [38;5;121m[4m1.2.3[0m[38;5;159m, 🎨 theme: [38;5;121m[4mdark[0m[38;5;159m, 🌱 seed: [38;5;121m[4mNone[0m[38;5;159m, 🐛 debug: [38;5;121m[4mFalse[0m[38;5;159m, 📏 precision: [38;5;121m[4m32[0m[38;5;159m, 🔥 performance: [38;5;121m[4mFalse[0m[38;5;159m, 💬 verbose: [38;5;121m[4mINFO[0m[38;5;159m[0m
[38;5;159m[Genesis] [20:48:24] [INFO] Scene [38;5;121m[3m<f361ec1>[0m[38;5;159m created.[0m
[38;5;159m[Genesis] [20:48:24] [INFO] Adding [38;5;121m<gs.engine.entities.RigidEntity>[0m[38;5;159m. idx: [38;5;121m0[0m[38;5;159m, uid: [38;5;121m[3m<790cec1>[0m[38;5;159m, morph: [38;5;121m<gs.morphs.Plane>[0m[38;5;159m, material: [38;5;121m<gs.materials.Rigid>[0m[38;5;159m.[0m
[38;5;159m[Genesis] [20:48:24] [INFO] Adding [38;5;121m<gs.engine.entities.RigidEntity>[0m[38;5;159m. idx: [38;5;121m1[0m[38;5;159m, uid: [38;5;121m[3m<b4144c1>[0m[38;5;159m, morph: [38;5;121m<gs.morphs.Box>[0m[38;5;159m, material: [38;5;121m<gs.materials.Rigid>[0m[38;5;159m.[0m
[38;5;159m[Genesis] [20:48:24] [INFO] Adding [38;5;121m<gs.engine.entities.RigidEntity>[0m[38;5;159m. idx: [38;5;121m2[0m[38;5;159m, uid: [38;5;121m[3m<9dbda1b>[0m[38;5;159m, morph: [38;5;121m<gs.morphs.Box>[0m[38;5;159m, material: [38;5;121m<gs.materials.Rigid>[0m[38;5;159m.[0m
[38;5;159m[Genesis] [20:48:24] [INFO] Adding [38;5;121m<gs.engine.entities.RigidEntity>[0m[38;5;159m. idx: [38;5;121m3[0m[38;5;159m, uid: [38;5;121m[3m<17d3566>[0m[38;5;159m, morph: [38;5;121m<gs.morphs.Box>[0m[38;5;159m, material: [38;5;121m<gs.materials.Rigid>[0m[38;5;159m.[0m
[38;5;159m[Genesis] [20:48:24] [INFO] Adding [38;5;121m<gs.engine.entities.RigidEntity>[0m[38;5;159m. idx: [38;5;121m4[0m[38;5;159m, uid: [38;5;121m[3m<6ca2961>[0m[38;5;159m, morph: [38;5;121m<gs.morphs.Box>[0m[38;5;159m, material: [38;5;121m<gs.materials.Rigid>[0m[38;5;159m.[0m
[38;5;159m[Genesis] [20:48:24] [INFO] Adding [38;5;121m<gs.engine.entities.RigidEntity>[0m[38;5;159m. idx: [38;5;121m5[0m[38;5;159m, uid: [38;5;121m[3m<359ca66>[0m[38;5;159m, morph: [38;5;121m<gs.morphs.Box>[0m[38;5;159m, material: [38;5;121m<gs.materials.Rigid>[0m[38;5;159m.[0m
[38;5;159m[Genesis] [20:48:24] [INFO] Adding [38;5;121m<gs.engine.entities.RigidEntity>[0m[38;5;159m. idx: [38;5;121m6[0m[38;5;159m, uid: [38;5;121m[3m<0995e19>[0m[38;5;159m, morph: [38;5;121m<gs.morphs.Mesh(file='/workspace/GuardianSim/assets/ycb/011_banana/textured.obj')>[0m[38;5;159m, material: [38;5;121m<gs.materials.Rigid>[0m[38;5;159m.[0m
[38;5;159m[Genesis] [20:48:24] [INFO] Convex hull is not accurate enough for collision detection (0.547). Falling back to more expensive convex decomposition (see FileMorph options).[0m
[38;5;159m[Genesis] [20:48:24] [INFO] Adding [38;5;121m<gs.engine.entities.RigidEntity>[0m[38;5;159m. idx: [38;5;121m7[0m[38;5;159m, uid: [38;5;121m[3m<6d023b5>[0m[38;5;159m, morph: [38;5;121m<gs.morphs.Mesh(file='/workspace/GuardianSim/assets/ycb/014_lemon/textured.obj')>[0m[38;5;159m, material: [38;5;121m<gs.materials.Rigid>[0m[38;5;159m.[0m
[38;5;159m[Genesis] [20:48:24] [INFO] Adding [38;5;121m<gs.engine.entities.RigidEntity>[0m[38;5;159m. idx: [38;5;121m8[0m[38;5;159m, uid: [38;5;121m[3m<e87e3bc>[0m[38;5;159m, morph: [38;5;121m<gs.morphs.Mesh(file='/workspace/GuardianSim/assets/ycb/018_plum/textured.obj')>[0m[38;5;159m, material: [38;5;121m<gs.materials.Rigid>[0m[38;5;159m.[0m
[38;5;159m[Genesis] [20:48:24] [INFO] Adding [38;5;121m<gs.engine.entities.RigidEntity>[0m[38;5;159m. idx: [38;5;121m9[0m[38;5;159m, uid: [38;5;121m[3m<dc55c7e>[0m[38;5;159m, morph: [38;5;121m<gs.morphs.Mesh(file='/workspace/GuardianSim/assets/ycb/024_bowl/textured.obj')>[0m[38;5;159m, material: [38;5;121m<gs.materials.Rigid>[0m[38;5;159m.[0m
[38;5;159m[Genesis] [20:48:24] [INFO] Convex hull is not accurate enough for collision detection (21.454). Falling back to more expensive convex decomposition (see FileMorph options).[0m
[38;5;159m[Genesis] [20:48:24] [INFO] Adding [38;5;121m<gs.engine.entities.RigidEntity>[0m[38;5;159m. idx: [38;5;121m10[0m[38;5;159m, uid: [38;5;121m[3m<acc52a8>[0m[38;5;159m, morph: [38;5;121m<gs.morphs.MJCF(file='/workspace/GuardianSim/assets/robots/franka/panda.xml')>[0m[38;5;159m, material: [38;5;121m<gs.materials.Rigid>[0m[38;5;159m.[0m
[38;5;226m[Genesis] [20:48:25] [WARNING] (MJCF) Approximating tendon by joint actuator for `finger_joint1`[0m
[38;5;226m[Genesis] [20:48:25] [WARNING] (MJCF) Approximating tendon by joint actuator for `finger_joint2`[0m
[38;5;159m[Genesis] [20:48:25] [INFO] Building scene [38;5;121m[3m<f361ec1>[0m[38;5;159m...[0m
[38;5;226m[Genesis] [20:48:26] [WARNING] Neutral robot position (qpos0) exceeds joint limits.[0m
[38;5;226m[Genesis] [20:48:26] [WARNING] Constraint solver time constant should be greater than 2*substep_dt. timeconst is changed from `0.005` to `0.01`). Decrease simulation timestep or increase timeconst to avoid altering the original value.[0m
[38;5;226m[Genesis] [20:48:28] [WARNING] Filtered out geometry pairs causing self-collision for the neutral configuration (qpos0): (38, 43), (39, 43), (46, 53), (47, 52), (48, 55), (49, 54). Consider tuning Morph option 'decompose_robot_error_threshold' or specify dedicated collision meshes. This behavior can be disabled by setting Morph option 'enable_neutral_collision=True'.[0m
[38;5;159m[Genesis] [20:48:30] [INFO] Compiling simulation kernels...[0m
[38;5;159m[Genesis] [20:48:42] [INFO] Building visualizer...[0m
/opt/venv/lib/python3.12/site-packages/quadrants/_test_tools/warnings_helper.py:11: UserWarning: cannot create weak reference to 'tuple' object. Template mapper caching disabled.
  warnings.warn(message)
[38;5;159m[Genesis] [20:49:09] [INFO] RRTConnect planning failed in 1 environments[0m
[38;5;159m[Genesis] [20:49:09] [INFO] Planning failed. Retrying for 1 environments...[0m
[38;5;159m[Genesis] [20:49:18] [INFO] RRTConnect planning failed in 1 environments[0m
[38;5;159m[Genesis] [20:49:18] [INFO] Planning failed. Retrying for 1 environments...[0m
[38;5;159m[Genesis] [20:50:04] [INFO] RRTConnect planning failed in 1 environments[0m
[38;5;159m[Genesis] [20:50:04] [INFO] Planning failed. Retrying for 1 environments...[0m
[38;5;159m[Genesis] [20:50:13] [INFO] RRTConnect planning failed in 1 environments[0m
[38;5;159m[Genesis] [20:50:13] [INFO] Planning failed. Retrying for 1 environments...[0m
episode=1/20 seed=101 baseline=True guardian=True selected=yaw_-22.5_offset_+0.020
[38;5;159m[Genesis] [20:51:29] [INFO] RRTConnect planning failed in 1 environments[0m
[38;5;159m[Genesis] [20:51:29] [INFO] Planning failed. Retrying for 1 environments...[0m
[38;5;159m[Genesis] [20:51:53] [INFO] RRTConnect planning failed in 1 environments[0m
[38;5;159m[Genesis] [20:51:53] [INFO] Planning failed. Retrying for 1 environments...[0m
episode=2/20 seed=102 baseline=True guardian=True selected=yaw_-22.5_offset_+0.020
[38;5;159m[Genesis] [20:53:42] [INFO] RRTConnect planning failed in 1 environments[0m
[38;5;159m[Genesis] [20:53:42] [INFO] Planning failed. Retrying for 1 environments...[0m
[38;5;159m[Genesis] [20:53:51] [INFO] RRTConnect planning failed in 1 environments[0m
[38;5;159m[Genesis] [20:53:51] [INFO] Planning failed. Retrying for 1 environments...[0m
[38;5;159m[Genesis] [20:55:24] [INFO] RRTConnect planning failed in 1 environments[0m
[38;5;159m[Genesis] [20:55:24] [INFO] Planning failed. Retrying for 1 environments...[0m
episode=3/20 seed=103 baseline=True guardian=True selected=yaw_-22.5_offset_+0.000
[38;5;159m[Genesis] [20:56:15] [INFO] RRTConnect planning failed in 1 environments[0m
[38;5;159m[Genesis] [20:56:15] [INFO] Planning failed. Retrying for 1 environments...[0m
[38;5;159m[Genesis] [20:56:40] [INFO] RRTConnect planning failed in 1 environments[0m
[38;5;159m[Genesis] [20:56:40] [INFO] Planning failed. Retrying for 1 environments...[0m
[38;5;159m[Genesis] [20:57:40] [INFO] RRTConnect planning failed in 1 environments[0m
[38;5;159m[Genesis] [20:57:40] [INFO] Planning failed. Retrying for 1 environments...[0m
episode=4/20 seed=104 baseline=True guardian=False selected=yaw_-22.5_offset_-0.020
[38;5;159m[Genesis] [20:58:39] [INFO] RRTConnect planning failed in 1 environments[0m
[38;5;159m[Genesis] [20:58:39] [INFO] Planning failed. Retrying for 1 environments...[0m
[38;5;159m[Genesis] [20:59:56] [INFO] RRTConnect planning failed in 1 environments[0m
[38;5;159m[Genesis] [20:59:56] [INFO] Planning failed. Retrying for 1 environments...[0m
episode=5/20 seed=105 baseline=True guardian=True selected=yaw_-22.5_offset_+0.000
[38;5;159m[Genesis] [21:00:55] [INFO] RRTConnect planning failed in 1 environments[0m
[38;5;159m[Genesis] [21:00:55] [INFO] Planning failed. Retrying for 1 environments...[0m
[38;5;159m[Genesis] [21:01:20] [INFO] RRTConnect planning failed in 1 environments[0m
[38;5;159m[Genesis] [21:01:20] [INFO] Planning failed. Retrying for 1 environments...[0m
[38;5;159m[Genesis] [21:01:22] [INFO] RRTConnect planning failed in 1 environments[0m
[38;5;159m[Genesis] [21:01:22] [INFO] Planning failed. Retrying for 1 environments...[0m
[38;5;159m[Genesis] [21:01:38] [INFO] RRTConnect planning failed in 1 environments[0m
[38;5;159m[Genesis] [21:01:38] [INFO] Planning failed. Retrying for 1 environments...[0m
[38;5;159m[Genesis] [21:01:57] [INFO] RRTConnect planning failed in 1 environments[0m
[38;5;159m[Genesis] [21:01:57] [INFO] Planning failed. Retrying for 1 environments...[0m
episode=6/20 seed=106 baseline=True guardian=True selected=yaw_-22.5_offset_+0.000
[38;5;159m[Genesis] [21:02:48] [INFO] RRTConnect planning failed in 1 environments[0m
[38;5;159m[Genesis] [21:02:48] [INFO] Planning failed. Retrying for 1 environments...[0m
[38;5;159m[Genesis] [21:03:13] [INFO] RRTConnect planning failed in 1 environments[0m
[38;5;159m[Genesis] [21:03:13] [INFO] Planning failed. Retrying for 1 environments...[0m
[38;5;159m[Genesis] [21:03:14] [INFO] RRTConnect planning failed in 1 environments[0m
[38;5;159m[Genesis] [21:03:14] [INFO] Planning failed. Retrying for 1 environments...[0m
[38;5;159m[Genesis] [21:03:23] [INFO] RRTConnect planning failed in 1 environments[0m
[38;5;159m[Genesis] [21:03:23] [INFO] Planning failed. Retrying for 1 environments...[0m
[38;5;159m[Genesis] [21:03:40] [INFO] RRTConnect planning failed in 1 environments[0m
[38;5;159m[Genesis] [21:03:40] [INFO] Planning failed. Retrying for 1 environments...[0m
[38;5;159m[Genesis] [21:05:06] [INFO] RRTConnect planning failed in 1 environments[0m
[38;5;159m[Genesis] [21:05:06] [INFO] Planning failed. Retrying for 1 environments...[0m
episode=7/20 seed=107 baseline=True guardian=False selected=yaw_-22.5_offset_-0.020
[38;5;159m[Genesis] [21:05:40] [INFO] RRTConnect planning failed in 1 environments[0m
[38;5;159m[Genesis] [21:05:40] [INFO] Planning failed. Retrying for 1 environments...[0m
episode=8/20 seed=108 baseline=True guardian=True selected=yaw_-22.5_offset_+0.020
episode=9/20 seed=109 baseline=True guardian=True selected=yaw_-22.5_offset_+0.020
[38;5;159m[Genesis] [21:10:03] [INFO] RRTConnect planning failed in 1 environments[0m
[38;5;159m[Genesis] [21:10:03] [INFO] Planning failed. Retrying for 1 environments...[0m
[38;5;159m[Genesis] [21:10:12] [INFO] RRTConnect planning failed in 1 environments[0m
[38;5;159m[Genesis] [21:10:12] [INFO] Planning failed. Retrying for 1 environments...[0m
[38;5;159m[Genesis] [21:10:14] [INFO] RRTConnect planning failed in 1 environments[0m
[38;5;159m[Genesis] [21:10:14] [INFO] Planning failed. Retrying for 1 environments...[0m
[38;5;159m[Genesis] [21:11:20] [INFO] RRTConnect planning failed in 1 environments[0m
[38;5;159m[Genesis] [21:11:20] [INFO] Planning failed. Retrying for 1 environments...[0m
[38;5;159m[Genesis] [21:12:22] [INFO] RRTConnect planning failed in 1 environments[0m
[38;5;159m[Genesis] [21:12:22] [INFO] Planning failed. Retrying for 1 environments...[0m
episode=10/20 seed=110 baseline=True guardian=True selected=yaw_-22.5_offset_+0.000
episode=11/20 seed=111 baseline=True guardian=True selected=yaw_-22.5_offset_+0.000
[38;5;159m[Genesis] [21:14:57] [INFO] RRTConnect planning failed in 1 environments[0m
[38;5;159m[Genesis] [21:14:57] [INFO] Planning failed. Retrying for 1 environments...[0m
[38;5;159m[Genesis] [21:16:08] [INFO] RRTConnect planning failed in 1 environments[0m
[38;5;159m[Genesis] [21:16:08] [INFO] Planning failed. Retrying for 1 environments...[0m
[38;5;159m[Genesis] [21:16:19] [INFO] RRTConnect planning failed in 1 environments[0m
[38;5;159m[Genesis] [21:16:19] [INFO] Planning failed. Retrying for 1 environments...[0m
episode=12/20 seed=112 baseline=True guardian=True selected=yaw_-22.5_offset_+0.020
[38;5;159m[Genesis] [21:17:55] [INFO] RRTConnect planning failed in 1 environments[0m
[38;5;159m[Genesis] [21:17:55] [INFO] Planning failed. Retrying for 1 environments...[0m
[38;5;159m[Genesis] [21:19:08] [INFO] RRTConnect planning failed in 1 environments[0m
[38;5;159m[Genesis] [21:19:08] [INFO] Planning failed. Retrying for 1 environments...[0m
episode=13/20 seed=113 baseline=True guardian=True selected=yaw_-22.5_offset_+0.020
[38;5;159m[Genesis] [21:20:05] [INFO] RRTConnect planning failed in 1 environments[0m
[38;5;159m[Genesis] [21:20:05] [INFO] Planning failed. Retrying for 1 environments...[0m
[38;5;159m[Genesis] [21:20:33] [INFO] RRTConnect planning failed in 1 environments[0m
[38;5;159m[Genesis] [21:20:33] [INFO] Planning failed. Retrying for 1 environments...[0m
[38;5;159m[Genesis] [21:20:34] [INFO] RRTConnect planning failed in 1 environments[0m
[38;5;159m[Genesis] [21:20:34] [INFO] Planning failed. Retrying for 1 environments...[0m
[38;5;159m[Genesis] [21:20:44] [INFO] RRTConnect planning failed in 1 environments[0m
[38;5;159m[Genesis] [21:20:44] [INFO] Planning failed. Retrying for 1 environments...[0m
[38;5;159m[Genesis] [21:20:53] [INFO] RRTConnect planning failed in 1 environments[0m
[38;5;159m[Genesis] [21:20:53] [INFO] Planning failed. Retrying for 1 environments...[0m
episode=14/20 seed=114 baseline=True guardian=True selected=yaw_-22.5_offset_+0.020
[38;5;159m[Genesis] [21:25:04] [INFO] RRTConnect planning failed in 1 environments[0m
[38;5;159m[Genesis] [21:25:04] [INFO] Planning failed. Retrying for 1 environments...[0m
episode=15/20 seed=115 baseline=True guardian=True selected=yaw_-22.5_offset_+0.000
[38;5;159m[Genesis] [21:25:24] [INFO] RRTConnect planning failed in 1 environments[0m
[38;5;159m[Genesis] [21:25:24] [INFO] Planning failed. Retrying for 1 environments...[0m
[38;5;159m[Genesis] [21:26:26] [INFO] RRTConnect planning failed in 1 environments[0m
[38;5;159m[Genesis] [21:26:26] [INFO] Planning failed. Retrying for 1 environments...[0m
[38;5;159m[Genesis] [21:26:37] [INFO] RRTConnect planning failed in 1 environments[0m
[38;5;159m[Genesis] [21:26:37] [INFO] Planning failed. Retrying for 1 environments...[0m
[38;5;159m[Genesis] [21:26:38] [INFO] RRTConnect planning failed in 1 environments[0m
[38;5;159m[Genesis] [21:26:38] [INFO] Planning failed. Retrying for 1 environments...[0m
episode=16/20 seed=116 baseline=True guardian=True selected=yaw_-22.5_offset_+0.000
[38;5;159m[Genesis] [21:28:22] [INFO] RRTConnect planning failed in 1 environments[0m
[38;5;159m[Genesis] [21:28:22] [INFO] Planning failed. Retrying for 1 environments...[0m
[38;5;159m[Genesis] [21:29:24] [INFO] RRTConnect planning failed in 1 environments[0m
[38;5;159m[Genesis] [21:29:24] [INFO] Planning failed. Retrying for 1 environments...[0m
episode=17/20 seed=117 baseline=True guardian=True selected=yaw_-22.5_offset_+0.020
[38;5;159m[Genesis] [21:30:58] [INFO] RRTConnect planning failed in 1 environments[0m
[38;5;159m[Genesis] [21:30:58] [INFO] Planning failed. Retrying for 1 environments...[0m
episode=18/20 seed=118 baseline=True guardian=True selected=yaw_-22.5_offset_+0.020
episode=19/20 seed=119 baseline=True guardian=True selected=yaw_-22.5_offset_+0.020
[38;5;159m[Genesis] [21:35:52] [INFO] RRTConnect planning failed in 1 environments[0m
[38;5;159m[Genesis] [21:35:52] [INFO] Planning failed. Retrying for 1 environments...[0m
[38;5;159m[Genesis] [21:36:20] [INFO] RRTConnect planning failed in 1 environments[0m
[38;5;159m[Genesis] [21:36:20] [INFO] Planning failed. Retrying for 1 environments...[0m
[38;5;159m[Genesis] [21:36:21] [INFO] RRTConnect planning failed in 1 environments[0m
[38;5;159m[Genesis] [21:36:21] [INFO] Planning failed. Retrying for 1 environments...[0m
[38;5;159m[Genesis] [21:38:19] [INFO] RRTConnect planning failed in 1 environments[0m
[38;5;159m[Genesis] [21:38:19] [INFO] Planning failed. Retrying for 1 environments...[0m
episode=20/20 seed=120 baseline=True guardian=False selected=yaw_-22.5_offset_-0.020
{
  "absolute_success_rate_lift": -0.15000000000000002,
  "baseline": {
    "candidate_selections": {
      "yaw_+00.0_offset_+0.000": 20
    },
    "mean_clutter_clearance_m": 0.043993844087032455,
    "mean_stability": 0.9041264951229095,
    "success_count": 20,
    "success_rate": 1.0
  },
  "episode_count": 20,
  "guardiansim": {
    "candidate_selections": {
      "yaw_-22.5_offset_+0.000": 7,
      "yaw_-22.5_offset_+0.020": 10,
      "yaw_-22.5_offset_-0.020": 3
    },
    "mean_clutter_clearance_m": 0.07437760497328447,
    "mean_stability": 0.7641634047031403,
    "success_count": 17,
    "success_rate": 0.85
  }
}
[38;5;159m[Genesis] [21:38:26] [INFO] 💤 Exiting Genesis and caching compiled kernels...[0m
