Gate 3.2 protocol=8f23247001e05f39817225ed13f028321fbb9b9c694aaacd5b987fe61ee1fb3c scenarios=30
[38;5;159m[Genesis] [20:45:39] [INFO] [38;5;121m╭───────────────────────────────────────────────╮[0m[38;5;159m[0m
[38;5;159m[Genesis] [20:45:39] [INFO] [38;5;121m│┈┉┈┉┈┉┈┉┈┉┈┉┈┉┈┉┈┉┈[0m[38;5;159m [38;5;121m[1m[3mGenesis[0m[38;5;159m [38;5;121m┈┉┈┉┈┉┈┉┈┉┈┉┈┉┈┉┈┉┈│[0m[38;5;159m[0m
[38;5;159m[Genesis] [20:45:39] [INFO] [38;5;121m╰───────────────────────────────────────────────╯[0m[38;5;159m[0m
[38;5;159m[Genesis] [20:45:40] [INFO] Running on [38;5;121m[4m[AMD Radeon Graphics][0m[38;5;159m with backend [38;5;121m[4mgs.amdgpu[0m[38;5;159m. Device memory: [38;5;121m[4m47.98[0m[38;5;159m GB.[0m
[38;5;159m[Genesis] [20:45:40] [INFO] 🚀 Genesis initialized. 🔖 version: [38;5;121m[4m1.2.3[0m[38;5;159m, 🎨 theme: [38;5;121m[4mdark[0m[38;5;159m, 🌱 seed: [38;5;121m[4mNone[0m[38;5;159m, 🐛 debug: [38;5;121m[4mFalse[0m[38;5;159m, 📏 precision: [38;5;121m[4m32[0m[38;5;159m, 🔥 performance: [38;5;121m[4mFalse[0m[38;5;159m, 💬 verbose: [38;5;121m[4mINFO[0m[38;5;159m[0m
[38;5;159m[Genesis] [20:45:42] [INFO] Scene [38;5;121m[3m<cd22ecc>[0m[38;5;159m created.[0m
[38;5;159m[Genesis] [20:45:42] [INFO] Adding [38;5;121m<gs.engine.entities.RigidEntity>[0m[38;5;159m. idx: [38;5;121m0[0m[38;5;159m, uid: [38;5;121m[3m<3194015>[0m[38;5;159m, morph: [38;5;121m<gs.morphs.Plane>[0m[38;5;159m, material: [38;5;121m<gs.materials.Rigid>[0m[38;5;159m.[0m
[38;5;159m[Genesis] [20:45:42] [INFO] Adding [38;5;121m<gs.engine.entities.RigidEntity>[0m[38;5;159m. idx: [38;5;121m1[0m[38;5;159m, uid: [38;5;121m[3m<5e1ecb4>[0m[38;5;159m, morph: [38;5;121m<gs.morphs.Box>[0m[38;5;159m, material: [38;5;121m<gs.materials.Rigid>[0m[38;5;159m.[0m
[38;5;159m[Genesis] [20:45:42] [INFO] Adding [38;5;121m<gs.engine.entities.RigidEntity>[0m[38;5;159m. idx: [38;5;121m2[0m[38;5;159m, uid: [38;5;121m[3m<9306bb7>[0m[38;5;159m, morph: [38;5;121m<gs.morphs.Box>[0m[38;5;159m, material: [38;5;121m<gs.materials.Rigid>[0m[38;5;159m.[0m
[38;5;159m[Genesis] [20:45:42] [INFO] Adding [38;5;121m<gs.engine.entities.RigidEntity>[0m[38;5;159m. idx: [38;5;121m3[0m[38;5;159m, uid: [38;5;121m[3m<79da7d5>[0m[38;5;159m, morph: [38;5;121m<gs.morphs.Box>[0m[38;5;159m, material: [38;5;121m<gs.materials.Rigid>[0m[38;5;159m.[0m
[38;5;159m[Genesis] [20:45:42] [INFO] Adding [38;5;121m<gs.engine.entities.RigidEntity>[0m[38;5;159m. idx: [38;5;121m4[0m[38;5;159m, uid: [38;5;121m[3m<3c535be>[0m[38;5;159m, morph: [38;5;121m<gs.morphs.Box>[0m[38;5;159m, material: [38;5;121m<gs.materials.Rigid>[0m[38;5;159m.[0m
[38;5;159m[Genesis] [20:45:42] [INFO] Adding [38;5;121m<gs.engine.entities.RigidEntity>[0m[38;5;159m. idx: [38;5;121m5[0m[38;5;159m, uid: [38;5;121m[3m<b64a0f9>[0m[38;5;159m, morph: [38;5;121m<gs.morphs.Box>[0m[38;5;159m, material: [38;5;121m<gs.materials.Rigid>[0m[38;5;159m.[0m
[38;5;159m[Genesis] [20:45:42] [INFO] Adding [38;5;121m<gs.engine.entities.RigidEntity>[0m[38;5;159m. idx: [38;5;121m6[0m[38;5;159m, uid: [38;5;121m[3m<478e979>[0m[38;5;159m, morph: [38;5;121m<gs.morphs.Mesh(file='/workspace/GuardianSim/assets/ycb/011_banana/textured.obj')>[0m[38;5;159m, material: [38;5;121m<gs.materials.Rigid>[0m[38;5;159m.[0m
[38;5;159m[Genesis] [20:45:42] [INFO] Convex hull is not accurate enough for collision detection (0.547). Falling back to more expensive convex decomposition (see FileMorph options).[0m
[38;5;159m[Genesis] [20:45:42] [INFO] Adding [38;5;121m<gs.engine.entities.RigidEntity>[0m[38;5;159m. idx: [38;5;121m7[0m[38;5;159m, uid: [38;5;121m[3m<5cbe0ca>[0m[38;5;159m, morph: [38;5;121m<gs.morphs.Mesh(file='/workspace/GuardianSim/assets/ycb/014_lemon/textured.obj')>[0m[38;5;159m, material: [38;5;121m<gs.materials.Rigid>[0m[38;5;159m.[0m
[38;5;159m[Genesis] [20:45:42] [INFO] Adding [38;5;121m<gs.engine.entities.RigidEntity>[0m[38;5;159m. idx: [38;5;121m8[0m[38;5;159m, uid: [38;5;121m[3m<39e88b0>[0m[38;5;159m, morph: [38;5;121m<gs.morphs.Mesh(file='/workspace/GuardianSim/assets/ycb/018_plum/textured.obj')>[0m[38;5;159m, material: [38;5;121m<gs.materials.Rigid>[0m[38;5;159m.[0m
[38;5;159m[Genesis] [20:45:42] [INFO] Adding [38;5;121m<gs.engine.entities.RigidEntity>[0m[38;5;159m. idx: [38;5;121m9[0m[38;5;159m, uid: [38;5;121m[3m<21a6a73>[0m[38;5;159m, morph: [38;5;121m<gs.morphs.Mesh(file='/workspace/GuardianSim/assets/ycb/024_bowl/textured.obj')>[0m[38;5;159m, material: [38;5;121m<gs.materials.Rigid>[0m[38;5;159m.[0m
[38;5;159m[Genesis] [20:45:42] [INFO] Convex hull is not accurate enough for collision detection (21.454). Falling back to more expensive convex decomposition (see FileMorph options).[0m
[38;5;159m[Genesis] [20:45:42] [INFO] Adding [38;5;121m<gs.engine.entities.RigidEntity>[0m[38;5;159m. idx: [38;5;121m10[0m[38;5;159m, uid: [38;5;121m[3m<2fbc67f>[0m[38;5;159m, morph: [38;5;121m<gs.morphs.MJCF(file='/workspace/GuardianSim/assets/robots/franka/panda.xml')>[0m[38;5;159m, material: [38;5;121m<gs.materials.Rigid>[0m[38;5;159m.[0m
[38;5;226m[Genesis] [20:45:43] [WARNING] (MJCF) Approximating tendon by joint actuator for `finger_joint1`[0m
[38;5;226m[Genesis] [20:45:43] [WARNING] (MJCF) Approximating tendon by joint actuator for `finger_joint2`[0m
[38;5;159m[Genesis] [20:45:43] [INFO] Building scene [38;5;121m[3m<cd22ecc>[0m[38;5;159m...[0m
[38;5;226m[Genesis] [20:45:44] [WARNING] Neutral robot position (qpos0) exceeds joint limits.[0m
[38;5;226m[Genesis] [20:45:44] [WARNING] Constraint solver time constant should be greater than 2*substep_dt. timeconst is changed from `0.005` to `0.01`). Decrease simulation timestep or increase timeconst to avoid altering the original value.[0m
[38;5;226m[Genesis] [20:45:46] [WARNING] Filtered out geometry pairs causing self-collision for the neutral configuration (qpos0): (38, 43), (39, 43), (46, 53), (47, 52), (48, 55), (49, 54). Consider tuning Morph option 'decompose_robot_error_threshold' or specify dedicated collision meshes. This behavior can be disabled by setting Morph option 'enable_neutral_collision=True'.[0m
[38;5;159m[Genesis] [20:45:48] [INFO] Compiling simulation kernels...[0m
[38;5;159m[Genesis] [20:46:00] [INFO] Building visualizer...[0m
/opt/venv/lib/python3.12/site-packages/torch/utils/_device.py:103: UserWarning: The given NumPy array is not writable, and PyTorch does not support non-writable tensors. This means writing to this tensor will result in undefined behavior. You may want to copy the array to protect its data or make it writable before converting it to a tensor. This type of warning will be suppressed for the rest of this program. (Triggered internally at /app/pytorch/torch/csrc/utils/tensor_numpy.cpp:206.)
  return func(*args, **kwargs)
/opt/venv/lib/python3.12/site-packages/quadrants/_test_tools/warnings_helper.py:11: UserWarning: cannot create weak reference to 'tuple' object. Template mapper caching disabled.
  warnings.warn(message)
[38;5;159m[Genesis] [20:50:10] [INFO] RRTConnect planning failed in 1 environments[0m
[38;5;159m[Genesis] [20:50:10] [INFO] Planning failed. Retrying for 1 environments...[0m
scenario=1/30 id=011_banana-lateral_clutter-r01-s401 decision=higher_margin_alternative baseline_repeatable_safe=True guardian_repeatable_safe=True planning_s=269.55
[38;5;159m[Genesis] [20:51:17] [INFO] RRTConnect planning failed in 1 environments[0m
[38;5;159m[Genesis] [20:51:17] [INFO] Planning failed. Retrying for 1 environments...[0m
[38;5;159m[Genesis] [20:53:51] [INFO] RRTConnect planning failed in 1 environments[0m
[38;5;159m[Genesis] [20:53:51] [INFO] Planning failed. Retrying for 1 environments...[0m
[38;5;159m[Genesis] [20:55:20] [INFO] RRTConnect planning failed in 1 environments[0m
[38;5;159m[Genesis] [20:55:20] [INFO] Planning failed. Retrying for 1 environments...[0m
scenario=2/30 id=011_banana-lateral_clutter-r02-s402 decision=higher_margin_alternative baseline_repeatable_safe=True guardian_repeatable_safe=True planning_s=266.57
{
  "absolute_repeatable_safe_completion_rate_lift": 0.0,
  "baseline": {
    "candidate_selections": {
      "yaw_+00.0_offset_+0.000": 2
    },
    "clutter_contact_count": 0,
    "clutter_contact_rate": 0.0,
    "episode_count": 2,
    "execution_count": 6,
    "execution_safe_completion_count": 6,
    "execution_safe_completion_rate": 1.0,
    "execution_task_success_count": 6,
    "execution_task_success_rate": 1.0,
    "failure_types": {
      "safe_success": 2
    },
    "mean_clutter_clearance_m": 0.04797320564587911,
    "mean_stability": 0.9020318587621053,
    "repeatable_safe_completion_count": 2,
    "repeatable_safe_completion_rate": 1.0,
    "repeatable_task_success_count": 2,
    "repeatable_task_success_rate": 1.0,
    "safe_stop_count": 0,
    "safe_stop_rate": 0.0
  },
  "cells": {
    "011_banana/lateral_clutter": {
      "baseline": {
        "candidate_selections": {
          "yaw_+00.0_offset_+0.000": 2
        },
        "clutter_contact_count": 0,
        "clutter_contact_rate": 0.0,
        "episode_count": 2,
        "execution_count": 6,
        "execution_safe_completion_count": 6,
        "execution_safe_completion_rate": 1.0,
        "execution_task_success_count": 6,
        "execution_task_success_rate": 1.0,
        "failure_types": {
          "safe_success": 2
        },
        "mean_clutter_clearance_m": 0.04797320564587911,
        "mean_stability": 0.9020318587621053,
        "repeatable_safe_completion_count": 2,
        "repeatable_safe_completion_rate": 1.0,
        "repeatable_task_success_count": 2,
        "repeatable_task_success_rate": 1.0,
        "safe_stop_count": 0,
        "safe_stop_rate": 0.0
      },
      "guardiansim": {
        "candidate_selections": {
          "yaw_-22.5_retreat_+0.025_approach_+0.140": 1,
          "yaw_-45.0_retreat_+0.000_approach_+0.140": 1
        },
        "clutter_contact_count": 0,
        "clutter_contact_rate": 0.0,
        "episode_count": 2,
        "execution_count": 6,
        "execution_safe_completion_count": 6,
        "execution_safe_completion_rate": 1.0,
        "execution_task_success_count": 6,
        "execution_task_success_rate": 1.0,
        "failure_types": {
          "safe_success": 2
        },
        "mean_clutter_clearance_m": 0.09271644196321947,
        "mean_stability": 0.8607384562492371,
        "repeatable_safe_completion_count": 2,
        "repeatable_safe_completion_rate": 1.0,
        "repeatable_task_success_count": 2,
        "repeatable_task_success_rate": 1.0,
        "safe_stop_count": 0,
        "safe_stop_rate": 0.0
      }
    }
  },
  "episode_count": 2,
  "guardiansim": {
    "candidate_selections": {
      "yaw_-22.5_retreat_+0.025_approach_+0.140": 1,
      "yaw_-45.0_retreat_+0.000_approach_+0.140": 1
    },
    "clutter_contact_count": 0,
    "clutter_contact_rate": 0.0,
    "episode_count": 2,
    "execution_count": 6,
    "execution_safe_completion_count": 6,
    "execution_safe_completion_rate": 1.0,
    "execution_task_success_count": 6,
    "execution_task_success_rate": 1.0,
    "failure_types": {
      "safe_success": 2
    },
    "mean_clutter_clearance_m": 0.09271644196321947,
    "mean_stability": 0.8607384562492371,
    "repeatable_safe_completion_count": 2,
    "repeatable_safe_completion_rate": 1.0,
    "repeatable_task_success_count": 2,
    "repeatable_task_success_rate": 1.0,
    "safe_stop_count": 0,
    "safe_stop_rate": 0.0
  }
}
[38;5;159m[Genesis] [20:56:25] [INFO] 💤 Exiting Genesis and caching compiled kernels...[0m
