[38;5;159m[Genesis] [18:00:37] [INFO] [38;5;121m╭───────────────────────────────────────────────╮[0m[38;5;159m[0m
[38;5;159m[Genesis] [18:00:37] [INFO] [38;5;121m│┈┉┈┉┈┉┈┉┈┉┈┉┈┉┈┉┈┉┈[0m[38;5;159m [38;5;121m[1m[3mGenesis[0m[38;5;159m [38;5;121m┈┉┈┉┈┉┈┉┈┉┈┉┈┉┈┉┈┉┈│[0m[38;5;159m[0m
[38;5;159m[Genesis] [18:00:37] [INFO] [38;5;121m╰───────────────────────────────────────────────╯[0m[38;5;159m[0m
[38;5;159m[Genesis] [18:00:38] [INFO] Running on [38;5;121m[4m[AMD Radeon Graphics][0m[38;5;159m with backend [38;5;121m[4mgs.amdgpu[0m[38;5;159m. Device memory: [38;5;121m[4m47.98[0m[38;5;159m GB.[0m
[38;5;159m[Genesis] [18:00:38] [INFO] 🚀 Genesis initialized. 🔖 version: [38;5;121m[4m1.2.3[0m[38;5;159m, 🎨 theme: [38;5;121m[4mdark[0m[38;5;159m, 🌱 seed: [38;5;121m[4mNone[0m[38;5;159m, 🐛 debug: [38;5;121m[4mFalse[0m[38;5;159m, 📏 precision: [38;5;121m[4m32[0m[38;5;159m, 🔥 performance: [38;5;121m[4mFalse[0m[38;5;159m, 💬 verbose: [38;5;121m[4mINFO[0m[38;5;159m[0m
[38;5;159m[Genesis] [18:00:41] [INFO] Scene [38;5;121m[3m<b671a0d>[0m[38;5;159m created.[0m
[38;5;159m[Genesis] [18:00:41] [INFO] Adding [38;5;121m<gs.engine.entities.RigidEntity>[0m[38;5;159m. idx: [38;5;121m0[0m[38;5;159m, uid: [38;5;121m[3m<58d048f>[0m[38;5;159m, morph: [38;5;121m<gs.morphs.Plane>[0m[38;5;159m, material: [38;5;121m<gs.materials.Rigid>[0m[38;5;159m.[0m
[38;5;159m[Genesis] [18:00:48] [INFO] Adding [38;5;121m<gs.engine.entities.RigidEntity>[0m[38;5;159m. idx: [38;5;121m1[0m[38;5;159m, uid: [38;5;121m[3m<76e46cb>[0m[38;5;159m, morph: [38;5;121m<gs.morphs.Box>[0m[38;5;159m, material: [38;5;121m<gs.materials.Rigid>[0m[38;5;159m.[0m
[38;5;159m[Genesis] [18:00:48] [INFO] Adding [38;5;121m<gs.engine.entities.RigidEntity>[0m[38;5;159m. idx: [38;5;121m2[0m[38;5;159m, uid: [38;5;121m[3m<97f1426>[0m[38;5;159m, morph: [38;5;121m<gs.morphs.Box>[0m[38;5;159m, material: [38;5;121m<gs.materials.Rigid>[0m[38;5;159m.[0m
[38;5;159m[Genesis] [18:00:48] [INFO] Adding [38;5;121m<gs.engine.entities.RigidEntity>[0m[38;5;159m. idx: [38;5;121m3[0m[38;5;159m, uid: [38;5;121m[3m<199d182>[0m[38;5;159m, morph: [38;5;121m<gs.morphs.Box>[0m[38;5;159m, material: [38;5;121m<gs.materials.Rigid>[0m[38;5;159m.[0m
[38;5;159m[Genesis] [18:00:48] [INFO] Adding [38;5;121m<gs.engine.entities.RigidEntity>[0m[38;5;159m. idx: [38;5;121m4[0m[38;5;159m, uid: [38;5;121m[3m<42555b8>[0m[38;5;159m, morph: [38;5;121m<gs.morphs.Box>[0m[38;5;159m, material: [38;5;121m<gs.materials.Rigid>[0m[38;5;159m.[0m
[38;5;159m[Genesis] [18:00:48] [INFO] Adding [38;5;121m<gs.engine.entities.RigidEntity>[0m[38;5;159m. idx: [38;5;121m5[0m[38;5;159m, uid: [38;5;121m[3m<ea3f3fb>[0m[38;5;159m, morph: [38;5;121m<gs.morphs.Box>[0m[38;5;159m, material: [38;5;121m<gs.materials.Rigid>[0m[38;5;159m.[0m
[38;5;159m[Genesis] [18:00:48] [INFO] Adding [38;5;121m<gs.engine.entities.RigidEntity>[0m[38;5;159m. idx: [38;5;121m6[0m[38;5;159m, uid: [38;5;121m[3m<618fb82>[0m[38;5;159m, morph: [38;5;121m<gs.morphs.Mesh(file='/persistent/GuardianSim/assets/ycb/011_banana/textured.obj')>[0m[38;5;159m, material: [38;5;121m<gs.materials.Rigid>[0m[38;5;159m.[0m
[38;5;159m[Genesis] [18:00:48] [INFO] Convex hull is not accurate enough for collision detection (0.547). Falling back to more expensive convex decomposition (see FileMorph options).[0m
[38;5;159m[Genesis] [18:00:48] [INFO] Running convex decomposition.[0m
[2026-07-28 18:00:48.939] [CoACD] [info] threshold               0.1
[2026-07-28 18:00:48.946] [CoACD] [info] max # convex hull       -1
[2026-07-28 18:00:48.946] [CoACD] [info] preprocess mode         auto
[2026-07-28 18:00:48.946] [CoACD] [info] preprocess resolution   30
[2026-07-28 18:00:48.946] [CoACD] [info] pca                     false
[2026-07-28 18:00:48.946] [CoACD] [info] mcts max depth          3
[2026-07-28 18:00:48.946] [CoACD] [info] mcts nodes              20
[2026-07-28 18:00:48.946] [CoACD] [info] mcts iterations         100
[2026-07-28 18:00:48.946] [CoACD] [info] merge                   true
[2026-07-28 18:00:48.946] [CoACD] [info] decimate                false
[2026-07-28 18:00:48.946] [CoACD] [info] max_ch_vertex           256
[2026-07-28 18:00:48.946] [CoACD] [info] extrude                 false
[2026-07-28 18:00:48.946] [CoACD] [info] extrude margin          0.1
[2026-07-28 18:00:48.946] [CoACD] [info] approximate mode        ch
[2026-07-28 18:00:48.946] [CoACD] [info] seed                    0
[2026-07-28 18:00:48.947] [CoACD] [info]  - Manifold Check
[2026-07-28 18:00:48.954] [CoACD] [info] 	Unclosed mesh
[2026-07-28 18:00:48.954] [CoACD] [info] Manifold Check Time: 0.00707s
[2026-07-28 18:00:48.955] [CoACD] [info] Mesh Manifoldness: false
[2026-07-28 18:00:48.955] [CoACD] [info]  - Preprocess
[2026-07-28 18:00:48.955] [CoACD] [info] Preprocess resolution: 30
[2026-07-28 18:00:49.345] [CoACD] [info] Preprocess Time: 7.165935s
[2026-07-28 18:00:49.346] [CoACD] [info] # Points: 3192
[2026-07-28 18:00:49.346] [CoACD] [info] # Triangles: 6380
[2026-07-28 18:00:49.346] [CoACD] [info]  - Decomposition (MCTS)
[2026-07-28 18:00:49.346] [CoACD] [info] iter 0 ---- waiting pool: 1
[2026-07-28 18:00:49.353] [CoACD] [info] Processing [0.0%]
[2026-07-28 18:00:50.836] [CoACD] [info] Processing [100.0%]
[2026-07-28 18:00:50.836] [CoACD] [info] iter 1 ---- waiting pool: 2
[2026-07-28 18:00:50.839] [CoACD] [info] Processing [0.0%]
[2026-07-28 18:00:50.839] [CoACD] [info] Processing [50.0%]
[2026-07-28 18:00:51.605] [CoACD] [info] Processing [100.0%]
[2026-07-28 18:00:51.605] [CoACD] [info] iter 2 ---- waiting pool: 2
[2026-07-28 18:00:51.608] [CoACD] [info] Processing [0.0%]
[2026-07-28 18:00:51.608] [CoACD] [info] Processing [50.0%]
[2026-07-28 18:00:51.617] [CoACD] [info] Processing [100.0%]
[2026-07-28 18:00:51.617] [CoACD] [info]  - Merge Convex Hulls
[2026-07-28 18:00:51.690] [CoACD] [info] Compute Time: 2.3442518687807024s
[2026-07-28 18:00:51.690] [CoACD] [info] # Convex Hulls: 3
[38;5;159m[Genesis] [18:00:51] [INFO] Adding [38;5;121m<gs.engine.entities.RigidEntity>[0m[38;5;159m. idx: [38;5;121m7[0m[38;5;159m, uid: [38;5;121m[3m<78b5d23>[0m[38;5;159m, morph: [38;5;121m<gs.morphs.Mesh(file='/persistent/GuardianSim/assets/ycb/014_lemon/textured.obj')>[0m[38;5;159m, material: [38;5;121m<gs.materials.Rigid>[0m[38;5;159m.[0m
[38;5;159m[Genesis] [18:00:51] [INFO] Adding [38;5;121m<gs.engine.entities.RigidEntity>[0m[38;5;159m. idx: [38;5;121m8[0m[38;5;159m, uid: [38;5;121m[3m<ad0e522>[0m[38;5;159m, morph: [38;5;121m<gs.morphs.Mesh(file='/persistent/GuardianSim/assets/ycb/018_plum/textured.obj')>[0m[38;5;159m, material: [38;5;121m<gs.materials.Rigid>[0m[38;5;159m.[0m
[38;5;159m[Genesis] [18:00:51] [INFO] Adding [38;5;121m<gs.engine.entities.RigidEntity>[0m[38;5;159m. idx: [38;5;121m9[0m[38;5;159m, uid: [38;5;121m[3m<a81f6ae>[0m[38;5;159m, morph: [38;5;121m<gs.morphs.Mesh(file='/persistent/GuardianSim/assets/ycb/024_bowl/textured.obj')>[0m[38;5;159m, material: [38;5;121m<gs.materials.Rigid>[0m[38;5;159m.[0m
[38;5;159m[Genesis] [18:00:52] [INFO] Convex hull is not accurate enough for collision detection (21.454). Falling back to more expensive convex decomposition (see FileMorph options).[0m
[38;5;159m[Genesis] [18:00:52] [INFO] Running convex decomposition.[0m
[2026-07-28 18:00:52.076] [CoACD] [info] threshold               0.1
[2026-07-28 18:00:52.076] [CoACD] [info] max # convex hull       -1
[2026-07-28 18:00:52.076] [CoACD] [info] preprocess mode         auto
[2026-07-28 18:00:52.076] [CoACD] [info] preprocess resolution   30
[2026-07-28 18:00:52.076] [CoACD] [info] pca                     false
[2026-07-28 18:00:52.076] [CoACD] [info] mcts max depth          3
[2026-07-28 18:00:52.076] [CoACD] [info] mcts nodes              20
[2026-07-28 18:00:52.076] [CoACD] [info] mcts iterations         100
[2026-07-28 18:00:52.076] [CoACD] [info] merge                   true
[2026-07-28 18:00:52.076] [CoACD] [info] decimate                false
[2026-07-28 18:00:52.076] [CoACD] [info] max_ch_vertex           256
[2026-07-28 18:00:52.076] [CoACD] [info] extrude                 false
[2026-07-28 18:00:52.076] [CoACD] [info] extrude margin          0.1
[2026-07-28 18:00:52.076] [CoACD] [info] approximate mode        ch
[2026-07-28 18:00:52.076] [CoACD] [info] seed                    0
[2026-07-28 18:00:52.077] [CoACD] [info]  - Manifold Check
[2026-07-28 18:00:52.080] [CoACD] [info] 	Wrong triangle orientation
[2026-07-28 18:00:52.080] [CoACD] [info] Manifold Check Time: 0.00341s
[2026-07-28 18:00:52.081] [CoACD] [info] Mesh Manifoldness: false
[2026-07-28 18:00:52.081] [CoACD] [info]  - Preprocess
[2026-07-28 18:00:52.081] [CoACD] [info] Preprocess resolution: 30
[2026-07-28 18:00:53.041] [CoACD] [info] Preprocess Time: 16.123317s
[2026-07-28 18:00:53.042] [CoACD] [info] # Points: 13934
[2026-07-28 18:00:53.042] [CoACD] [info] # Triangles: 27864
[2026-07-28 18:00:53.042] [CoACD] [info]  - Decomposition (MCTS)
[2026-07-28 18:00:53.042] [CoACD] [info] iter 0 ---- waiting pool: 1
[2026-07-28 18:00:53.042] [CoACD] [info] Processing [0.0%]
[2026-07-28 18:00:56.318] [CoACD] [info] Processing [100.0%]
[2026-07-28 18:00:56.318] [CoACD] [info] iter 1 ---- waiting pool: 2
[2026-07-28 18:00:56.318] [CoACD] [info] Processing [0.0%]
[2026-07-28 18:00:56.318] [CoACD] [info] Processing [50.0%]
[2026-07-28 18:00:58.137] [CoACD] [info] Processing [100.0%]
[2026-07-28 18:00:58.137] [CoACD] [info] iter 2 ---- waiting pool: 4
[2026-07-28 18:00:58.137] [CoACD] [info] Processing [0.0%]
[2026-07-28 18:00:58.137] [CoACD] [info] Processing [25.0%]
[2026-07-28 18:00:58.137] [CoACD] [info] Processing [50.0%]
[2026-07-28 18:00:58.137] [CoACD] [info] Processing [75.0%]
[2026-07-28 18:00:59.215] [CoACD] [info] Processing [100.0%]
[2026-07-28 18:00:59.215] [CoACD] [info] iter 3 ---- waiting pool: 8
[2026-07-28 18:00:59.219] [CoACD] [info] Processing [0.0%]
[2026-07-28 18:00:59.219] [CoACD] [info] Processing [25.0%]
[2026-07-28 18:00:59.219] [CoACD] [info] Processing [37.5%]
[2026-07-28 18:00:59.219] [CoACD] [info] Processing [12.5%]
[2026-07-28 18:00:59.219] [CoACD] [info] Processing [50.0%]
[2026-07-28 18:00:59.219] [CoACD] [info] Processing [62.5%]
[2026-07-28 18:00:59.219] [CoACD] [info] Processing [75.0%]
[2026-07-28 18:00:59.220] [CoACD] [info] Processing [87.5%]
[2026-07-28 18:01:00.119] [CoACD] [info] Processing [100.0%]
[2026-07-28 18:01:00.119] [CoACD] [info] iter 4 ---- waiting pool: 12
[2026-07-28 18:01:00.122] [CoACD] [info] Processing [0.0%]
[2026-07-28 18:01:00.122] [CoACD] [info] Processing [33.3%]
[2026-07-28 18:01:00.122] [CoACD] [info] Processing [66.7%]
[2026-07-28 18:01:00.122] [CoACD] [info] Processing [83.3%]
[2026-07-28 18:01:00.122] [CoACD] [info] Processing [50.0%]
[2026-07-28 18:01:00.122] [CoACD] [info] Processing [16.7%]
[2026-07-28 18:01:00.755] [CoACD] [info] Processing [100.0%]
[2026-07-28 18:01:00.755] [CoACD] [info] iter 5 ---- waiting pool: 14
[2026-07-28 18:01:00.755] [CoACD] [info] Processing [0.0%]
[2026-07-28 18:01:00.755] [CoACD] [info] Processing [57.1%]
[2026-07-28 18:01:00.755] [CoACD] [info] Processing [14.3%]
[2026-07-28 18:01:00.755] [CoACD] [info] Processing [85.7%]
[2026-07-28 18:01:00.755] [CoACD] [info] Processing [71.4%]
[2026-07-28 18:01:00.755] [CoACD] [info] Processing [42.9%]
[2026-07-28 18:01:00.755] [CoACD] [info] Processing [28.6%]
[2026-07-28 18:01:01.062] [CoACD] [info] Processing [100.0%]
[2026-07-28 18:01:01.062] [CoACD] [info] iter 6 ---- waiting pool: 2
[2026-07-28 18:01:01.065] [CoACD] [info] Processing [0.0%]
[2026-07-28 18:01:01.065] [CoACD] [info] Processing [50.0%]
[2026-07-28 18:01:01.070] [CoACD] [info] Processing [100.0%]
[2026-07-28 18:01:01.070] [CoACD] [info]  - Merge Convex Hulls
[2026-07-28 18:01:01.484] [CoACD] [info] Compute Time: 8.442641783040017s
[2026-07-28 18:01:01.484] [CoACD] [info] # Convex Hulls: 22
[38;5;159m[Genesis] [18:01:01] [INFO] Adding [38;5;121m<gs.engine.entities.RigidEntity>[0m[38;5;159m. idx: [38;5;121m10[0m[38;5;159m, uid: [38;5;121m[3m<cf21b9d>[0m[38;5;159m, morph: [38;5;121m<gs.morphs.MJCF(file='/persistent/GuardianSim/assets/robots/franka/panda.xml')>[0m[38;5;159m, material: [38;5;121m<gs.materials.Rigid>[0m[38;5;159m.[0m
[38;5;226m[Genesis] [18:01:02] [WARNING] (MJCF) Approximating tendon by joint actuator for `finger_joint1`[0m
[38;5;226m[Genesis] [18:01:02] [WARNING] (MJCF) Approximating tendon by joint actuator for `finger_joint2`[0m
[38;5;159m[Genesis] [18:01:03] [INFO] Building scene [38;5;121m[3m<b671a0d>[0m[38;5;159m...[0m
[38;5;226m[Genesis] [18:01:14] [WARNING] Neutral robot position (qpos0) exceeds joint limits.[0m
[38;5;159m[Genesis] [18:01:15] [INFO] Preprocessing geom idx [38;5;121m[4m1[0m[38;5;159m.[0m
[38;5;159m[Genesis] [18:01:15] [INFO] Preprocessing geom idx [38;5;121m[4m2[0m[38;5;159m.[0m
[38;5;159m[Genesis] [18:01:15] [INFO] Preprocessing geom idx [38;5;121m[4m6[0m[38;5;159m.[0m
[38;5;159m[Genesis] [18:01:15] [INFO] Preprocessing geom idx [38;5;121m[4m7[0m[38;5;159m.[0m
[38;5;159m[Genesis] [18:01:15] [INFO] Preprocessing geom idx [38;5;121m[4m8[0m[38;5;159m.[0m
[38;5;159m[Genesis] [18:01:15] [INFO] Preprocessing geom idx [38;5;121m[4m9[0m[38;5;159m.[0m
[38;5;159m[Genesis] [18:01:15] [INFO] Preprocessing geom idx [38;5;121m[4m10[0m[38;5;159m.[0m
[38;5;159m[Genesis] [18:01:16] [INFO] Preprocessing geom idx [38;5;121m[4m11[0m[38;5;159m.[0m
[38;5;159m[Genesis] [18:01:16] [INFO] Preprocessing geom idx [38;5;121m[4m12[0m[38;5;159m.[0m
[38;5;159m[Genesis] [18:01:16] [INFO] Preprocessing geom idx [38;5;121m[4m13[0m[38;5;159m.[0m
[38;5;159m[Genesis] [18:01:16] [INFO] Preprocessing geom idx [38;5;121m[4m14[0m[38;5;159m.[0m
[38;5;159m[Genesis] [18:01:16] [INFO] Preprocessing geom idx [38;5;121m[4m15[0m[38;5;159m.[0m
[38;5;159m[Genesis] [18:01:17] [INFO] Preprocessing geom idx [38;5;121m[4m16[0m[38;5;159m.[0m
[38;5;159m[Genesis] [18:01:17] [INFO] Preprocessing geom idx [38;5;121m[4m17[0m[38;5;159m.[0m
[38;5;159m[Genesis] [18:01:17] [INFO] Preprocessing geom idx [38;5;121m[4m18[0m[38;5;159m.[0m
[38;5;159m[Genesis] [18:01:17] [INFO] Preprocessing geom idx [38;5;121m[4m19[0m[38;5;159m.[0m
[38;5;159m[Genesis] [18:01:17] [INFO] Preprocessing geom idx [38;5;121m[4m20[0m[38;5;159m.[0m
[38;5;159m[Genesis] [18:01:18] [INFO] Preprocessing geom idx [38;5;121m[4m21[0m[38;5;159m.[0m
[38;5;159m[Genesis] [18:01:18] [INFO] Preprocessing geom idx [38;5;121m[4m22[0m[38;5;159m.[0m
[38;5;159m[Genesis] [18:01:18] [INFO] Preprocessing geom idx [38;5;121m[4m23[0m[38;5;159m.[0m
[38;5;159m[Genesis] [18:01:18] [INFO] Preprocessing geom idx [38;5;121m[4m24[0m[38;5;159m.[0m
[38;5;159m[Genesis] [18:01:18] [INFO] Preprocessing geom idx [38;5;121m[4m25[0m[38;5;159m.[0m
[38;5;159m[Genesis] [18:01:19] [INFO] Preprocessing geom idx [38;5;121m[4m26[0m[38;5;159m.[0m
[38;5;159m[Genesis] [18:01:19] [INFO] Preprocessing geom idx [38;5;121m[4m27[0m[38;5;159m.[0m
[38;5;159m[Genesis] [18:01:19] [INFO] Preprocessing geom idx [38;5;121m[4m28[0m[38;5;159m.[0m
[38;5;159m[Genesis] [18:01:19] [INFO] Preprocessing geom idx [38;5;121m[4m29[0m[38;5;159m.[0m
[38;5;159m[Genesis] [18:01:19] [INFO] Preprocessing geom idx [38;5;121m[4m30[0m[38;5;159m.[0m
[38;5;159m[Genesis] [18:01:19] [INFO] Preprocessing geom idx [38;5;121m[4m31[0m[38;5;159m.[0m
[38;5;159m[Genesis] [18:01:20] [INFO] Preprocessing geom idx [38;5;121m[4m32[0m[38;5;159m.[0m
[38;5;159m[Genesis] [18:01:20] [INFO] Preprocessing geom idx [38;5;121m[4m33[0m[38;5;159m.[0m
[38;5;159m[Genesis] [18:01:20] [INFO] Preprocessing geom idx [38;5;121m[4m34[0m[38;5;159m.[0m
[38;5;159m[Genesis] [18:01:21] [INFO] Preprocessing geom idx [38;5;121m[4m35[0m[38;5;159m.[0m
[38;5;159m[Genesis] [18:01:21] [INFO] Preprocessing geom idx [38;5;121m[4m36[0m[38;5;159m.[0m
[38;5;159m[Genesis] [18:01:21] [INFO] Preprocessing geom idx [38;5;121m[4m37[0m[38;5;159m.[0m
[38;5;159m[Genesis] [18:01:22] [INFO] Preprocessing geom idx [38;5;121m[4m38[0m[38;5;159m.[0m
[38;5;159m[Genesis] [18:01:22] [INFO] Preprocessing geom idx [38;5;121m[4m39[0m[38;5;159m.[0m
[38;5;159m[Genesis] [18:01:22] [INFO] Preprocessing geom idx [38;5;121m[4m40[0m[38;5;159m.[0m
[38;5;159m[Genesis] [18:01:22] [INFO] Preprocessing geom idx [38;5;121m[4m41[0m[38;5;159m.[0m
[38;5;159m[Genesis] [18:01:22] [INFO] Preprocessing geom idx [38;5;121m[4m42[0m[38;5;159m.[0m
[38;5;159m[Genesis] [18:01:22] [INFO] Preprocessing geom idx [38;5;121m[4m43[0m[38;5;159m.[0m
[38;5;159m[Genesis] [18:01:23] [INFO] Preprocessing geom idx [38;5;121m[4m44[0m[38;5;159m.[0m
[38;5;159m[Genesis] [18:01:23] [INFO] Preprocessing geom idx [38;5;121m[4m45[0m[38;5;159m.[0m
[38;5;159m[Genesis] [18:01:23] [INFO] Preprocessing geom idx [38;5;121m[4m46[0m[38;5;159m.[0m
[38;5;159m[Genesis] [18:01:23] [INFO] Preprocessing geom idx [38;5;121m[4m48[0m[38;5;159m.[0m
[38;5;226m[Genesis] [18:01:23] [WARNING] Constraint solver time constant should be greater than 2*substep_dt. timeconst is changed from `0.005` to `0.01`). Decrease simulation timestep or increase timeconst to avoid altering the original value.[0m
[38;5;226m[Genesis] [18:01:27] [WARNING] Filtered out geometry pairs causing self-collision for the neutral configuration (qpos0): (38, 43), (39, 43), (46, 53), (47, 52), (48, 55), (49, 54). Consider tuning Morph option 'decompose_robot_error_threshold' or specify dedicated collision meshes. This behavior can be disabled by setting Morph option 'enable_neutral_collision=True'.[0m
[38;5;159m[Genesis] [18:01:30] [INFO] Compiling simulation kernels...[0m
/opt/venv/lib/python3.12/site-packages/quadrants/lang/ast/ast_transformers/function_def_transformer.py:671: DeprecationWarning: ast.Str is deprecated and will be removed in Python 3.14; use ast.Constant instead
  return index == 0 and isinstance(stmt, ast.Expr) and isinstance(stmt.value, (ast.Constant, ast.Str))
[38;5;159m[Genesis] [18:02:56] [INFO] Building visualizer...[0m
{
  "status": "passed",
  "protocol_sha256": "a388ff649a26e0fd14e6695923eb762cf2329d2b41ee602e118743a5ce033ebe",
  "backend": "genesis_gpu",
  "n_envs": 1,
  "build_seconds": 140.31721875816584,
  "warmup_seconds": 0.043596770614385605,
  "measurement_seconds": 0.07374495221301913,
  "environment_steps": 10,
  "environment_steps_per_second": 135.60250159379143,
  "simulated_seconds_per_wall_second": 1.3560250159379144,
  "device": {
    "name": "AMD Radeon Graphics",
    "torch_version": "2.9.1+gitff65f5b",
    "hip_version": "7.2.53211-e1a6bc5663",
    "genesis_version": "1.2.3"
  },
  "gpu_telemetry": {
    "sample_count": 3,
    "mean_gpu_utilization_pct": 18.333333333333332,
    "max_gpu_utilization_pct": 55.0,
    "max_vram_used_bytes": 1076031488.0,
    "total_vram_bytes": 51522830336.0,
    "sampling_errors": []
  }
}
[38;5;159m[Genesis] [18:02:59] [INFO] 💤 Exiting Genesis and caching compiled kernels...[0m
