[38;5;159m[Genesis] [05:58:45] [INFO] [38;5;121m╭───────────────────────────────────────────────╮[0m[38;5;159m[0m
[38;5;159m[Genesis] [05:58:45] [INFO] [38;5;121m│┈┉┈┉┈┉┈┉┈┉┈┉┈┉┈┉┈┉┈[0m[38;5;159m [38;5;121m[1m[3mGenesis[0m[38;5;159m [38;5;121m┈┉┈┉┈┉┈┉┈┉┈┉┈┉┈┉┈┉┈│[0m[38;5;159m[0m
[38;5;159m[Genesis] [05:58:45] [INFO] [38;5;121m╰───────────────────────────────────────────────╯[0m[38;5;159m[0m
[38;5;159m[Genesis] [05:58:46] [INFO] Running on [38;5;121m[4m[AMD Radeon Graphics][0m[38;5;159m with backend [38;5;121m[4mgs.amdgpu[0m[38;5;159m. Device memory: [38;5;121m[4m47.98[0m[38;5;159m GB.[0m
[38;5;159m[Genesis] [05:58:46] [INFO] 🚀 Genesis initialized. 🔖 version: [38;5;121m[4m1.2.3[0m[38;5;159m, 🎨 theme: [38;5;121m[4mdark[0m[38;5;159m, 🌱 seed: [38;5;121m[4mNone[0m[38;5;159m, 🐛 debug: [38;5;121m[4mFalse[0m[38;5;159m, 📏 precision: [38;5;121m[4m32[0m[38;5;159m, 🔥 performance: [38;5;121m[4mFalse[0m[38;5;159m, 💬 verbose: [38;5;121m[4mINFO[0m[38;5;159m[0m
[38;5;159m[Genesis] [05:58:48] [INFO] Scene [38;5;121m[3m<6b2fead>[0m[38;5;159m created.[0m
[38;5;159m[Genesis] [05:58:48] [INFO] Adding [38;5;121m<gs.engine.entities.RigidEntity>[0m[38;5;159m. idx: [38;5;121m0[0m[38;5;159m, uid: [38;5;121m[3m<3f93e50>[0m[38;5;159m, morph: [38;5;121m<gs.morphs.Plane>[0m[38;5;159m, material: [38;5;121m<gs.materials.Rigid>[0m[38;5;159m.[0m
[38;5;159m[Genesis] [05:58:48] [INFO] Adding [38;5;121m<gs.engine.entities.RigidEntity>[0m[38;5;159m. idx: [38;5;121m1[0m[38;5;159m, uid: [38;5;121m[3m<bd09987>[0m[38;5;159m, morph: [38;5;121m<gs.morphs.Box>[0m[38;5;159m, material: [38;5;121m<gs.materials.Rigid>[0m[38;5;159m.[0m
[38;5;159m[Genesis] [05:58:48] [INFO] Adding [38;5;121m<gs.engine.entities.RigidEntity>[0m[38;5;159m. idx: [38;5;121m2[0m[38;5;159m, uid: [38;5;121m[3m<235c6f7>[0m[38;5;159m, morph: [38;5;121m<gs.morphs.Box>[0m[38;5;159m, material: [38;5;121m<gs.materials.Rigid>[0m[38;5;159m.[0m
[38;5;159m[Genesis] [05:58:48] [INFO] Adding [38;5;121m<gs.engine.entities.RigidEntity>[0m[38;5;159m. idx: [38;5;121m3[0m[38;5;159m, uid: [38;5;121m[3m<67c3910>[0m[38;5;159m, morph: [38;5;121m<gs.morphs.Box>[0m[38;5;159m, material: [38;5;121m<gs.materials.Rigid>[0m[38;5;159m.[0m
[38;5;159m[Genesis] [05:58:48] [INFO] Adding [38;5;121m<gs.engine.entities.RigidEntity>[0m[38;5;159m. idx: [38;5;121m4[0m[38;5;159m, uid: [38;5;121m[3m<997acc5>[0m[38;5;159m, morph: [38;5;121m<gs.morphs.Box>[0m[38;5;159m, material: [38;5;121m<gs.materials.Rigid>[0m[38;5;159m.[0m
[38;5;159m[Genesis] [05:58:48] [INFO] Adding [38;5;121m<gs.engine.entities.RigidEntity>[0m[38;5;159m. idx: [38;5;121m5[0m[38;5;159m, uid: [38;5;121m[3m<069d795>[0m[38;5;159m, morph: [38;5;121m<gs.morphs.Box>[0m[38;5;159m, material: [38;5;121m<gs.materials.Rigid>[0m[38;5;159m.[0m
[38;5;159m[Genesis] [05:58:48] [INFO] Adding [38;5;121m<gs.engine.entities.RigidEntity>[0m[38;5;159m. idx: [38;5;121m6[0m[38;5;159m, uid: [38;5;121m[3m<9d207e7>[0m[38;5;159m, morph: [38;5;121m<gs.morphs.Mesh(file='/workspace/GuardianSim/assets/ycb/011_banana/textured.obj')>[0m[38;5;159m, material: [38;5;121m<gs.materials.Rigid>[0m[38;5;159m.[0m
[38;5;159m[Genesis] [05:58:48] [INFO] Convex hull is not accurate enough for collision detection (0.547). Falling back to more expensive convex decomposition (see FileMorph options).[0m
[38;5;159m[Genesis] [05:58:48] [INFO] Adding [38;5;121m<gs.engine.entities.RigidEntity>[0m[38;5;159m. idx: [38;5;121m7[0m[38;5;159m, uid: [38;5;121m[3m<c098963>[0m[38;5;159m, morph: [38;5;121m<gs.morphs.Mesh(file='/workspace/GuardianSim/assets/ycb/014_lemon/textured.obj')>[0m[38;5;159m, material: [38;5;121m<gs.materials.Rigid>[0m[38;5;159m.[0m
[38;5;159m[Genesis] [05:58:48] [INFO] Adding [38;5;121m<gs.engine.entities.RigidEntity>[0m[38;5;159m. idx: [38;5;121m8[0m[38;5;159m, uid: [38;5;121m[3m<c7147ca>[0m[38;5;159m, morph: [38;5;121m<gs.morphs.Mesh(file='/workspace/GuardianSim/assets/ycb/018_plum/textured.obj')>[0m[38;5;159m, material: [38;5;121m<gs.materials.Rigid>[0m[38;5;159m.[0m
[38;5;159m[Genesis] [05:58:48] [INFO] Adding [38;5;121m<gs.engine.entities.RigidEntity>[0m[38;5;159m. idx: [38;5;121m9[0m[38;5;159m, uid: [38;5;121m[3m<e29a1bd>[0m[38;5;159m, morph: [38;5;121m<gs.morphs.Mesh(file='/workspace/GuardianSim/assets/ycb/024_bowl/textured.obj')>[0m[38;5;159m, material: [38;5;121m<gs.materials.Rigid>[0m[38;5;159m.[0m
[38;5;159m[Genesis] [05:58:48] [INFO] Convex hull is not accurate enough for collision detection (21.454). Falling back to more expensive convex decomposition (see FileMorph options).[0m
[38;5;159m[Genesis] [05:58:48] [INFO] Adding [38;5;121m<gs.engine.entities.RigidEntity>[0m[38;5;159m. idx: [38;5;121m10[0m[38;5;159m, uid: [38;5;121m[3m<fd8d2ef>[0m[38;5;159m, morph: [38;5;121m<gs.morphs.MJCF(file='/workspace/GuardianSim/assets/robots/franka/panda.xml')>[0m[38;5;159m, material: [38;5;121m<gs.materials.Rigid>[0m[38;5;159m.[0m
[38;5;226m[Genesis] [05:58:49] [WARNING] (MJCF) Approximating tendon by joint actuator for `finger_joint1`[0m
[38;5;226m[Genesis] [05:58:49] [WARNING] (MJCF) Approximating tendon by joint actuator for `finger_joint2`[0m
[38;5;159m[Genesis] [05:58:49] [INFO] Building scene [38;5;121m[3m<6b2fead>[0m[38;5;159m...[0m
[38;5;226m[Genesis] [05:58:50] [WARNING] Neutral robot position (qpos0) exceeds joint limits.[0m
[38;5;226m[Genesis] [05:58:50] [WARNING] Constraint solver time constant should be greater than 2*substep_dt. timeconst is changed from `0.005` to `0.01`). Decrease simulation timestep or increase timeconst to avoid altering the original value.[0m
[38;5;226m[Genesis] [05:58:52] [WARNING] Filtered out geometry pairs causing self-collision for the neutral configuration (qpos0): (38, 43), (39, 43), (46, 53), (47, 52), (48, 55), (49, 54). Consider tuning Morph option 'decompose_robot_error_threshold' or specify dedicated collision meshes. This behavior can be disabled by setting Morph option 'enable_neutral_collision=True'.[0m
[38;5;159m[Genesis] [05:58:54] [INFO] Compiling simulation kernels...[0m
[38;5;159m[Genesis] [05:59:06] [INFO] Building visualizer...[0m
/opt/venv/lib/python3.12/site-packages/quadrants/_test_tools/warnings_helper.py:11: UserWarning: cannot create weak reference to 'tuple' object. Template mapper caching disabled.
  warnings.warn(message)
[38;5;159m[Genesis] [05:59:13] [INFO] RRTConnect planning failed in 1 environments[0m
[38;5;159m[Genesis] [05:59:13] [INFO] Planning failed. Retrying for 1 environments...[0m
[38;5;159m[Genesis] [05:59:14] [INFO] RRTConnect planning failed in 1 environments[0m
[38;5;159m[Genesis] [05:59:14] [INFO] Planning failed. Retrying for 1 environments...[0m
[38;5;159m[Genesis] [06:02:11] [INFO] RRTConnect planning failed in 1 environments[0m
[38;5;159m[Genesis] [06:02:11] [INFO] Planning failed. Retrying for 1 environments...[0m
episode=1/1 seed=120 baseline=True guardian=True selected=yaw_-22.5_offset_+0.020
{
  "absolute_success_rate_lift": 0.0,
  "baseline": {
    "candidate_selections": {
      "yaw_+00.0_offset_+0.000": 1
    },
    "mean_clutter_clearance_m": 0.024154233200247555,
    "mean_stability": 0.9065169095993042,
    "success_count": 1,
    "success_rate": 1.0
  },
  "episode_count": 1,
  "guardiansim": {
    "candidate_selections": {
      "yaw_-22.5_offset_+0.020": 1
    },
    "mean_clutter_clearance_m": 0.05364093191093908,
    "mean_stability": 0.9021902084350586,
    "success_count": 1,
    "success_rate": 1.0
  }
}
[38;5;159m[Genesis] [06:02:17] [INFO] 💤 Exiting Genesis and caching compiled kernels...[0m
