[38;5;159m[Genesis] [10:31:36] [INFO] [38;5;121m╭───────────────────────────────────────────────╮[0m[38;5;159m[0m
[38;5;159m[Genesis] [10:31:36] [INFO] [38;5;121m│┈┉┈┉┈┉┈┉┈┉┈┉┈┉┈┉┈┉┈[0m[38;5;159m [38;5;121m[1m[3mGenesis[0m[38;5;159m [38;5;121m┈┉┈┉┈┉┈┉┈┉┈┉┈┉┈┉┈┉┈│[0m[38;5;159m[0m
[38;5;159m[Genesis] [10:31:36] [INFO] [38;5;121m╰───────────────────────────────────────────────╯[0m[38;5;159m[0m
[38;5;159m[Genesis] [10:31:36] [INFO] Running on [38;5;121m[4m[AMD Radeon Graphics][0m[38;5;159m with backend [38;5;121m[4mgs.amdgpu[0m[38;5;159m. Device memory: [38;5;121m[4m47.98[0m[38;5;159m GB.[0m
[38;5;159m[Genesis] [10:31:36] [INFO] 🚀 Genesis initialized. 🔖 version: [38;5;121m[4m1.2.3[0m[38;5;159m, 🎨 theme: [38;5;121m[4mdark[0m[38;5;159m, 🌱 seed: [38;5;121m[4mNone[0m[38;5;159m, 🐛 debug: [38;5;121m[4mFalse[0m[38;5;159m, 📏 precision: [38;5;121m[4m32[0m[38;5;159m, 🔥 performance: [38;5;121m[4mFalse[0m[38;5;159m, 💬 verbose: [38;5;121m[4mINFO[0m[38;5;159m[0m
[38;5;159m[Genesis] [10:31:38] [INFO] Scene [38;5;121m[3m<5a68840>[0m[38;5;159m created.[0m
[38;5;159m[Genesis] [10:31:38] [INFO] Adding [38;5;121m<gs.engine.entities.RigidEntity>[0m[38;5;159m. idx: [38;5;121m0[0m[38;5;159m, uid: [38;5;121m[3m<f560ade>[0m[38;5;159m, morph: [38;5;121m<gs.morphs.Plane>[0m[38;5;159m, material: [38;5;121m<gs.materials.Rigid>[0m[38;5;159m.[0m
[38;5;159m[Genesis] [10:31:38] [INFO] Adding [38;5;121m<gs.engine.entities.RigidEntity>[0m[38;5;159m. idx: [38;5;121m1[0m[38;5;159m, uid: [38;5;121m[3m<28ccd0a>[0m[38;5;159m, morph: [38;5;121m<gs.morphs.Box>[0m[38;5;159m, material: [38;5;121m<gs.materials.Rigid>[0m[38;5;159m.[0m
[38;5;159m[Genesis] [10:31:38] [INFO] Adding [38;5;121m<gs.engine.entities.RigidEntity>[0m[38;5;159m. idx: [38;5;121m2[0m[38;5;159m, uid: [38;5;121m[3m<83794d6>[0m[38;5;159m, morph: [38;5;121m<gs.morphs.Box>[0m[38;5;159m, material: [38;5;121m<gs.materials.Rigid>[0m[38;5;159m.[0m
[38;5;159m[Genesis] [10:31:38] [INFO] Adding [38;5;121m<gs.engine.entities.RigidEntity>[0m[38;5;159m. idx: [38;5;121m3[0m[38;5;159m, uid: [38;5;121m[3m<49569b2>[0m[38;5;159m, morph: [38;5;121m<gs.morphs.Box>[0m[38;5;159m, material: [38;5;121m<gs.materials.Rigid>[0m[38;5;159m.[0m
[38;5;159m[Genesis] [10:31:38] [INFO] Adding [38;5;121m<gs.engine.entities.RigidEntity>[0m[38;5;159m. idx: [38;5;121m4[0m[38;5;159m, uid: [38;5;121m[3m<158ba7f>[0m[38;5;159m, morph: [38;5;121m<gs.morphs.Box>[0m[38;5;159m, material: [38;5;121m<gs.materials.Rigid>[0m[38;5;159m.[0m
[38;5;159m[Genesis] [10:31:38] [INFO] Adding [38;5;121m<gs.engine.entities.RigidEntity>[0m[38;5;159m. idx: [38;5;121m5[0m[38;5;159m, uid: [38;5;121m[3m<5d6fcab>[0m[38;5;159m, morph: [38;5;121m<gs.morphs.Box>[0m[38;5;159m, material: [38;5;121m<gs.materials.Rigid>[0m[38;5;159m.[0m
[38;5;159m[Genesis] [10:31:38] [INFO] Adding [38;5;121m<gs.engine.entities.RigidEntity>[0m[38;5;159m. idx: [38;5;121m6[0m[38;5;159m, uid: [38;5;121m[3m<c2c998b>[0m[38;5;159m, morph: [38;5;121m<gs.morphs.Mesh(file='/workspace/GuardianSim/assets/ycb/011_banana/textured.obj')>[0m[38;5;159m, material: [38;5;121m<gs.materials.Rigid>[0m[38;5;159m.[0m
[38;5;159m[Genesis] [10:31:38] [INFO] Convex hull is not accurate enough for collision detection (0.547). Falling back to more expensive convex decomposition (see FileMorph options).[0m
[38;5;159m[Genesis] [10:31:38] [INFO] Adding [38;5;121m<gs.engine.entities.RigidEntity>[0m[38;5;159m. idx: [38;5;121m7[0m[38;5;159m, uid: [38;5;121m[3m<b2f8b4a>[0m[38;5;159m, morph: [38;5;121m<gs.morphs.Mesh(file='/workspace/GuardianSim/assets/ycb/014_lemon/textured.obj')>[0m[38;5;159m, material: [38;5;121m<gs.materials.Rigid>[0m[38;5;159m.[0m
[38;5;159m[Genesis] [10:31:39] [INFO] Adding [38;5;121m<gs.engine.entities.RigidEntity>[0m[38;5;159m. idx: [38;5;121m8[0m[38;5;159m, uid: [38;5;121m[3m<1146c6b>[0m[38;5;159m, morph: [38;5;121m<gs.morphs.Mesh(file='/workspace/GuardianSim/assets/ycb/018_plum/textured.obj')>[0m[38;5;159m, material: [38;5;121m<gs.materials.Rigid>[0m[38;5;159m.[0m
[38;5;159m[Genesis] [10:31:39] [INFO] Adding [38;5;121m<gs.engine.entities.RigidEntity>[0m[38;5;159m. idx: [38;5;121m9[0m[38;5;159m, uid: [38;5;121m[3m<924bcd2>[0m[38;5;159m, morph: [38;5;121m<gs.morphs.Mesh(file='/workspace/GuardianSim/assets/ycb/024_bowl/textured.obj')>[0m[38;5;159m, material: [38;5;121m<gs.materials.Rigid>[0m[38;5;159m.[0m
[38;5;159m[Genesis] [10:31:39] [INFO] Convex hull is not accurate enough for collision detection (21.454). Falling back to more expensive convex decomposition (see FileMorph options).[0m
[38;5;159m[Genesis] [10:31:39] [INFO] Adding [38;5;121m<gs.engine.entities.RigidEntity>[0m[38;5;159m. idx: [38;5;121m10[0m[38;5;159m, uid: [38;5;121m[3m<3a9cc55>[0m[38;5;159m, morph: [38;5;121m<gs.morphs.MJCF(file='/workspace/GuardianSim/assets/robots/franka/panda.xml')>[0m[38;5;159m, material: [38;5;121m<gs.materials.Rigid>[0m[38;5;159m.[0m
[38;5;226m[Genesis] [10:31:39] [WARNING] (MJCF) Approximating tendon by joint actuator for `finger_joint1`[0m
[38;5;226m[Genesis] [10:31:39] [WARNING] (MJCF) Approximating tendon by joint actuator for `finger_joint2`[0m
[38;5;159m[Genesis] [10:31:39] [INFO] Building scene [38;5;121m[3m<5a68840>[0m[38;5;159m...[0m
[38;5;226m[Genesis] [10:31:41] [WARNING] Neutral robot position (qpos0) exceeds joint limits.[0m
[38;5;226m[Genesis] [10:31:42] [WARNING] Constraint solver time constant should be greater than 2*substep_dt. timeconst is changed from `0.005` to `0.01`). Decrease simulation timestep or increase timeconst to avoid altering the original value.[0m
[38;5;226m[Genesis] [10:31:46] [WARNING] Filtered out geometry pairs causing self-collision for the neutral configuration (qpos0): (38, 43), (39, 43), (46, 53), (47, 52), (48, 55), (49, 54). Consider tuning Morph option 'decompose_robot_error_threshold' or specify dedicated collision meshes. This behavior can be disabled by setting Morph option 'enable_neutral_collision=True'.[0m
[38;5;159m[Genesis] [10:31:49] [INFO] Compiling simulation kernels...[0m
[38;5;159m[Genesis] [10:33:12] [INFO] Building visualizer...[0m
[38;5;159m[Genesis] [10:33:29] [INFO] RRTConnect planning failed in 1 environments[0m
[38;5;159m[Genesis] [10:33:29] [INFO] Planning failed. Retrying for 1 environments...[0m
{
  "candidate_count": 3,
  "data_source": "genesis_counterfactual_rollout",
  "measurement_notes": {
    "clearance": "minimum sampled AABB separation from distal arm links to named non-target clutter; support surfaces excluded",
    "clearance_diagnostic": "responsible non-support sample/link/obstacle plus strict AABB overlap depth",
    "perception_uncertainty": "fixed 0.05 prior for this simulator-state dry run",
    "retained_lift": "object height retained after a requested 0.10 m gripper lift",
    "support_contact_diagnostic": "support contact is reported separately and does not drive collision risk"
  },
  "pick_object": "011_banana",
  "ranking": [
    {
      "candidate": {
        "approach_height_m": 0.1,
        "candidate_id": "yaw_+00.0_offset_+0.000",
        "gripper_width_m": 0.06,
        "lateral_offset_m": 0.0,
        "target_offset_xy_m": [
          0.0,
          0.0
        ],
        "target_xyz": [
          0.3103834092617035,
          0.220341295003891,
          0.7701257467269897
        ],
        "yaw_degrees": 0.0
      },
      "metrics": {
        "clearance_diagnostic": {
          "clearance_m": 0.04398476656100028,
          "link_name": "hand",
          "obstacle_name": "018_plum",
          "overlap_depth_m": 0.0,
          "overlaps": false,
          "sample_index": 47,
          "step_index": 235,
          "support_surface": false
        },
        "collision_margin_m": 0.04398476656100028,
        "grasp_alignment": 1.0,
        "path_length_m": 0.657806506310574,
        "perception_uncertainty": 0.05,
        "predicted_stability": 0.9045130014419556,
        "reachability": 1.0,
        "support_contact_diagnostic": {
          "clearance_m": 0.0,
          "link_name": "right_finger",
          "obstacle_name": "table_top",
          "overlap_depth_m": 0.0012426376342773438,
          "overlaps": true,
          "sample_index": 57,
          "step_index": 285,
          "support_surface": true
        }
      },
      "rank": 1,
      "risk": 0.3442298834819118,
      "success_probability": 0.64482894366608,
      "utility": 0.8306968958497171
    },
    {
      "candidate": {
        "approach_height_m": 0.1,
        "candidate_id": "yaw_-45.0_offset_+0.000",
        "gripper_width_m": 0.06,
        "lateral_offset_m": 0.0,
        "target_offset_xy_m": [
          0.0,
          0.0
        ],
        "target_xyz": [
          0.3103834092617035,
          0.220341295003891,
          0.7701257467269897
        ],
        "yaw_degrees": -45.0
      },
      "metrics": {
        "clearance_diagnostic": {
          "clearance_m": 0.06375422008554714,
          "link_name": "left_finger",
          "obstacle_name": "018_plum",
          "overlap_depth_m": 0.0,
          "overlaps": false,
          "sample_index": 28,
          "step_index": 140,
          "support_surface": false
        },
        "collision_margin_m": 0.06375422008554714,
        "grasp_alignment": 0.5,
        "path_length_m": 0.6587336833548051,
        "perception_uncertainty": 0.05,
        "predicted_stability": 0.8620154857635498,
        "reachability": 1.0,
        "support_contact_diagnostic": {
          "clearance_m": 0.0,
          "link_name": "right_finger",
          "obstacle_name": "table_top",
          "overlap_depth_m": 0.0014650225639343262,
          "overlaps": true,
          "sample_index": 67,
          "step_index": 335,
          "support_surface": true
        }
      },
      "rank": 2,
      "risk": 0.24824714380042584,
      "success_probability": 0.6242386704254733,
      "utility": 0.744346977714668
    },
    {
      "candidate": {
        "approach_height_m": 0.1,
        "candidate_id": "yaw_+45.0_offset_+0.000",
        "gripper_width_m": 0.06,
        "lateral_offset_m": 0.0,
        "target_offset_xy_m": [
          0.0,
          0.0
        ],
        "target_xyz": [
          0.3103834092617035,
          0.220341295003891,
          0.7701257467269897
        ],
        "yaw_degrees": 45.0
      },
      "metrics": {
        "clearance_diagnostic": {
          "clearance_m": 0.052480284267718655,
          "link_name": "hand",
          "obstacle_name": "018_plum",
          "overlap_depth_m": 0.0,
          "overlaps": false,
          "sample_index": 31,
          "step_index": 155,
          "support_surface": false
        },
        "collision_margin_m": 0.052480284267718655,
        "grasp_alignment": 0.5,
        "path_length_m": 0.7783922734453922,
        "perception_uncertainty": 0.05,
        "predicted_stability": 0.8996671438217163,
        "reachability": 1.0,
        "support_contact_diagnostic": {
          "clearance_m": 0.0,
          "link_name": "right_finger",
          "obstacle_name": "table_top",
          "overlap_depth_m": 0.0014368295669555664,
          "overlaps": true,
          "sample_index": 56,
          "step_index": 280,
          "support_surface": true
        }
      },
      "rank": 3,
      "risk": 0.2989582933810326,
      "success_probability": 0.5884084648650525,
      "utility": 0.7303278919945748
    }
  ],
  "schema_version": 3,
  "seed": 41,
  "snapshot_fingerprint": "8a3692e8f016af7602ecb54e6f4db1cde765ce232138c9e72f8939ca2c8e2ee2"
}
[38;5;159m[Genesis] [10:33:44] [INFO] 💤 Exiting Genesis and caching compiled kernels...[0m
