nohup: ignoring input
[38;5;159m[Genesis] [05:07:39] [INFO] [38;5;121m╭───────────────────────────────────────────────╮[0m[38;5;159m[0m
[38;5;159m[Genesis] [05:07:39] [INFO] [38;5;121m│┈┉┈┉┈┉┈┉┈┉┈┉┈┉┈┉┈┉┈[0m[38;5;159m [38;5;121m[1m[3mGenesis[0m[38;5;159m [38;5;121m┈┉┈┉┈┉┈┉┈┉┈┉┈┉┈┉┈┉┈│[0m[38;5;159m[0m
[38;5;159m[Genesis] [05:07:39] [INFO] [38;5;121m╰───────────────────────────────────────────────╯[0m[38;5;159m[0m
[38;5;159m[Genesis] [05:07:39] [INFO] Running on [38;5;121m[4m[AMD Radeon Graphics][0m[38;5;159m with backend [38;5;121m[4mgs.amdgpu[0m[38;5;159m. Device memory: [38;5;121m[4m47.98[0m[38;5;159m GB.[0m
[38;5;159m[Genesis] [05:07:39] [INFO] 🚀 Genesis initialized. 🔖 version: [38;5;121m[4m1.2.3[0m[38;5;159m, 🎨 theme: [38;5;121m[4mdark[0m[38;5;159m, 🌱 seed: [38;5;121m[4mNone[0m[38;5;159m, 🐛 debug: [38;5;121m[4mFalse[0m[38;5;159m, 📏 precision: [38;5;121m[4m32[0m[38;5;159m, 🔥 performance: [38;5;121m[4mFalse[0m[38;5;159m, 💬 verbose: [38;5;121m[4mINFO[0m[38;5;159m[0m
[38;5;159m[Genesis] [05:07:41] [INFO] Scene [38;5;121m[3m<c65b7b6>[0m[38;5;159m created.[0m
[38;5;159m[Genesis] [05:07:41] [INFO] Adding [38;5;121m<gs.engine.entities.RigidEntity>[0m[38;5;159m. idx: [38;5;121m0[0m[38;5;159m, uid: [38;5;121m[3m<cdfb25e>[0m[38;5;159m, morph: [38;5;121m<gs.morphs.Plane>[0m[38;5;159m, material: [38;5;121m<gs.materials.Rigid>[0m[38;5;159m.[0m
[38;5;159m[Genesis] [05:07:41] [INFO] Adding [38;5;121m<gs.engine.entities.RigidEntity>[0m[38;5;159m. idx: [38;5;121m1[0m[38;5;159m, uid: [38;5;121m[3m<2185164>[0m[38;5;159m, morph: [38;5;121m<gs.morphs.Box>[0m[38;5;159m, material: [38;5;121m<gs.materials.Rigid>[0m[38;5;159m.[0m
[38;5;159m[Genesis] [05:07:41] [INFO] Adding [38;5;121m<gs.engine.entities.RigidEntity>[0m[38;5;159m. idx: [38;5;121m2[0m[38;5;159m, uid: [38;5;121m[3m<4140f49>[0m[38;5;159m, morph: [38;5;121m<gs.morphs.Box>[0m[38;5;159m, material: [38;5;121m<gs.materials.Rigid>[0m[38;5;159m.[0m
[38;5;159m[Genesis] [05:07:41] [INFO] Adding [38;5;121m<gs.engine.entities.RigidEntity>[0m[38;5;159m. idx: [38;5;121m3[0m[38;5;159m, uid: [38;5;121m[3m<7ec60bf>[0m[38;5;159m, morph: [38;5;121m<gs.morphs.Box>[0m[38;5;159m, material: [38;5;121m<gs.materials.Rigid>[0m[38;5;159m.[0m
[38;5;159m[Genesis] [05:07:41] [INFO] Adding [38;5;121m<gs.engine.entities.RigidEntity>[0m[38;5;159m. idx: [38;5;121m4[0m[38;5;159m, uid: [38;5;121m[3m<cb971bd>[0m[38;5;159m, morph: [38;5;121m<gs.morphs.Box>[0m[38;5;159m, material: [38;5;121m<gs.materials.Rigid>[0m[38;5;159m.[0m
[38;5;159m[Genesis] [05:07:41] [INFO] Adding [38;5;121m<gs.engine.entities.RigidEntity>[0m[38;5;159m. idx: [38;5;121m5[0m[38;5;159m, uid: [38;5;121m[3m<f1d5f35>[0m[38;5;159m, morph: [38;5;121m<gs.morphs.Box>[0m[38;5;159m, material: [38;5;121m<gs.materials.Rigid>[0m[38;5;159m.[0m
[38;5;159m[Genesis] [05:07:41] [INFO] Adding [38;5;121m<gs.engine.entities.RigidEntity>[0m[38;5;159m. idx: [38;5;121m6[0m[38;5;159m, uid: [38;5;121m[3m<825ff34>[0m[38;5;159m, morph: [38;5;121m<gs.morphs.Mesh(file='/workspace/GuardianSim/assets/ycb/011_banana/textured.obj')>[0m[38;5;159m, material: [38;5;121m<gs.materials.Rigid>[0m[38;5;159m.[0m
[38;5;159m[Genesis] [05:07:41] [INFO] Convex hull is not accurate enough for collision detection (0.547). Falling back to more expensive convex decomposition (see FileMorph options).[0m
[38;5;159m[Genesis] [05:07:41] [INFO] Adding [38;5;121m<gs.engine.entities.RigidEntity>[0m[38;5;159m. idx: [38;5;121m7[0m[38;5;159m, uid: [38;5;121m[3m<16fa848>[0m[38;5;159m, morph: [38;5;121m<gs.morphs.Mesh(file='/workspace/GuardianSim/assets/ycb/014_lemon/textured.obj')>[0m[38;5;159m, material: [38;5;121m<gs.materials.Rigid>[0m[38;5;159m.[0m
[38;5;159m[Genesis] [05:07:41] [INFO] Adding [38;5;121m<gs.engine.entities.RigidEntity>[0m[38;5;159m. idx: [38;5;121m8[0m[38;5;159m, uid: [38;5;121m[3m<57ac1e6>[0m[38;5;159m, morph: [38;5;121m<gs.morphs.Mesh(file='/workspace/GuardianSim/assets/ycb/018_plum/textured.obj')>[0m[38;5;159m, material: [38;5;121m<gs.materials.Rigid>[0m[38;5;159m.[0m
[38;5;159m[Genesis] [05:07:42] [INFO] Adding [38;5;121m<gs.engine.entities.RigidEntity>[0m[38;5;159m. idx: [38;5;121m9[0m[38;5;159m, uid: [38;5;121m[3m<3781294>[0m[38;5;159m, morph: [38;5;121m<gs.morphs.Mesh(file='/workspace/GuardianSim/assets/ycb/024_bowl/textured.obj')>[0m[38;5;159m, material: [38;5;121m<gs.materials.Rigid>[0m[38;5;159m.[0m
[38;5;159m[Genesis] [05:07:42] [INFO] Convex hull is not accurate enough for collision detection (21.454). Falling back to more expensive convex decomposition (see FileMorph options).[0m
[38;5;159m[Genesis] [05:07:42] [INFO] Adding [38;5;121m<gs.engine.entities.RigidEntity>[0m[38;5;159m. idx: [38;5;121m10[0m[38;5;159m, uid: [38;5;121m[3m<6629bc8>[0m[38;5;159m, morph: [38;5;121m<gs.morphs.MJCF(file='/workspace/GuardianSim/assets/robots/franka/panda.xml')>[0m[38;5;159m, material: [38;5;121m<gs.materials.Rigid>[0m[38;5;159m.[0m
[38;5;226m[Genesis] [05:07:42] [WARNING] (MJCF) Approximating tendon by joint actuator for `finger_joint1`[0m
[38;5;226m[Genesis] [05:07:42] [WARNING] (MJCF) Approximating tendon by joint actuator for `finger_joint2`[0m
[38;5;159m[Genesis] [05:07:42] [INFO] Building scene [38;5;121m[3m<c65b7b6>[0m[38;5;159m...[0m
[38;5;226m[Genesis] [05:07:43] [WARNING] Neutral robot position (qpos0) exceeds joint limits.[0m
[38;5;226m[Genesis] [05:07:43] [WARNING] Constraint solver time constant should be greater than 2*substep_dt. timeconst is changed from `0.005` to `0.01`). Decrease simulation timestep or increase timeconst to avoid altering the original value.[0m
[38;5;226m[Genesis] [05:07:45] [WARNING] Filtered out geometry pairs causing self-collision for the neutral configuration (qpos0): (38, 43), (39, 43), (46, 53), (47, 52), (48, 55), (49, 54). Consider tuning Morph option 'decompose_robot_error_threshold' or specify dedicated collision meshes. This behavior can be disabled by setting Morph option 'enable_neutral_collision=True'.[0m
[38;5;159m[Genesis] [05:07:47] [INFO] Compiling simulation kernels...[0m
[38;5;159m[Genesis] [05:08:00] [INFO] Building visualizer...[0m
/opt/venv/lib/python3.12/site-packages/torch/utils/_device.py:103: UserWarning: The given NumPy array is not writable, and PyTorch does not support non-writable tensors. This means writing to this tensor will result in undefined behavior. You may want to copy the array to protect its data or make it writable before converting it to a tensor. This type of warning will be suppressed for the rest of this program. (Triggered internally at /app/pytorch/torch/csrc/utils/tensor_numpy.cpp:206.)
  return func(*args, **kwargs)
/opt/venv/lib/python3.12/site-packages/quadrants/_test_tools/warnings_helper.py:11: UserWarning: cannot create weak reference to 'tuple' object. Template mapper caching disabled.
  warnings.warn(message)
{
  "kind": "gate33_visual_replay_diagnostic",
  "accepted_for_presentation": false,
  "physics_reexecuted": true,
  "statistical_trial_added": false,
  "not_appended_to_gate33_report": true,
  "formal_report": "docs/evidence/gate-3-3-pose-shift-stratum/raw/pose-shift-report.json",
  "formal_report_sha256": "4b716814efae6f0fe659d5981a2538a6601c964a344b29aa3627b1d996c80413",
  "formal_protocol_sha256": "5f9497c363c32f8bbabb62e395d5814958e273d3b6d235fb46a7a5f23be6b130",
  "formal_matrix_sha256": "c934f3427a937f2cc8594a1408e97d1ed9bf3692fa41af066f2fb8652435e983",
  "seed": 503,
  "scenario_id": "pose_shift-014_lemon-lateral_clutter-s503",
  "formal": {
    "baseline": {
      "classification": {
        "clearance_violation": true,
        "clutter_contact": true,
        "failure_type": "clutter_contact",
        "safe_completion": false,
        "task_succeeded": false
      },
      "execution_metrics": {
        "clearance_diagnostic": {
          "clearance_m": 0.0,
          "link_name": "hand",
          "obstacle_name": "018_plum",
          "overlap_depth_m": 0.0023839473724365234,
          "overlaps": true,
          "sample_index": 72,
          "step_index": 360,
          "support_surface": false
        },
        "collision_margin_m": 0.0,
        "grasp_alignment": 1.0,
        "path_length_m": 0.7650030329859543,
        "perception_uncertainty": 0.05,
        "predicted_stability": 0.9396493434906006,
        "reachability": 1.0,
        "support_contact_diagnostic": {
          "clearance_m": 0.004228472709655762,
          "link_name": "left_finger",
          "obstacle_name": "table_top",
          "overlap_depth_m": 0.0,
          "overlaps": false,
          "sample_index": 72,
          "step_index": 360,
          "support_surface": true
        }
      }
    },
    "guardiansim": {
      "classification": {
        "clearance_violation": false,
        "clutter_contact": false,
        "failure_type": "safe_success",
        "safe_completion": true,
        "task_succeeded": true
      },
      "execution_metrics": {
        "clearance_diagnostic": {
          "clearance_m": 0.024083617184199928,
          "link_name": "right_finger",
          "obstacle_name": "018_plum",
          "overlap_depth_m": 0.0,
          "overlaps": false,
          "sample_index": 32,
          "step_index": 160,
          "support_surface": false
        },
        "collision_margin_m": 0.024083617184199928,
        "grasp_alignment": 0.25,
        "path_length_m": 0.6874182598905068,
        "perception_uncertainty": 0.05,
        "predicted_stability": 0.9513962268829346,
        "reachability": 1.0,
        "support_contact_diagnostic": {
          "clearance_m": 0.004145681858062744,
          "link_name": "left_finger",
          "obstacle_name": "table_top",
          "overlap_depth_m": 0.0,
          "overlaps": false,
          "sample_index": 57,
          "step_index": 285,
          "support_surface": true
        }
      }
    }
  },
  "visual_replay": {
    "baseline": {
      "candidate": {
        "candidate_id": "yaw_+00.0_offset_+0.000",
        "target_xyz": [
          0.3169282078742981,
          -0.06720580160617828,
          0.7763572335243225
        ],
        "yaw_degrees": 0.0,
        "lateral_offset_m": 0.0,
        "approach_height_m": 0.1,
        "gripper_width_m": 0.06,
        "target_offset_xy_m": [
          0.0,
          0.0
        ]
      },
      "metrics": {
        "collision_margin_m": 0.0,
        "reachability": 1.0,
        "grasp_alignment": 1.0,
        "predicted_stability": 0.9396880865097046,
        "path_length_m": 0.6281071476854092,
        "perception_uncertainty": 0.05,
        "clearance_diagnostic": {
          "sample_index": 73,
          "step_index": 365,
          "link_name": "hand",
          "obstacle_name": "018_plum",
          "clearance_m": 0.0,
          "overlaps": true,
          "overlap_depth_m": 0.0023883581161499023,
          "support_surface": false
        },
        "support_contact_diagnostic": {
          "sample_index": 73,
          "step_index": 365,
          "link_name": "left_finger",
          "obstacle_name": "table_top",
          "clearance_m": 0.00422435998916626,
          "overlaps": false,
          "overlap_depth_m": 0.0,
          "support_surface": true
        }
      },
      "classification": {
        "task_succeeded": false,
        "safe_completion": false,
        "failure_type": "clutter_contact",
        "clutter_contact": true,
        "clearance_violation": true
      },
      "frame_count": 111
    },
    "guardiansim": {
      "candidate": {
        "candidate_id": "yaw_+67.5_retreat_+0.000_approach_+0.140",
        "target_xyz": [
          0.3169282078742981,
          -0.06720580160617828,
          0.7763572335243225
        ],
        "yaw_degrees": 67.5,
        "lateral_offset_m": 0.0,
        "approach_height_m": 0.14,
        "gripper_width_m": 0.06,
        "target_offset_xy_m": [
          0.0,
          0.0
        ]
      },
      "metrics": {
        "collision_margin_m": 0.0028406381607055664,
        "reachability": 1.0,
        "grasp_alignment": 0.25,
        "predicted_stability": 0.9518688917160034,
        "path_length_m": 0.631068310135823,
        "perception_uncertainty": 0.05,
        "clearance_diagnostic": {
          "sample_index": 30,
          "step_index": 150,
          "link_name": "right_finger",
          "obstacle_name": "018_plum",
          "clearance_m": 0.0028406381607055664,
          "overlaps": false,
          "overlap_depth_m": 0.0,
          "support_surface": false
        },
        "support_contact_diagnostic": {
          "sample_index": 57,
          "step_index": 285,
          "link_name": "left_finger",
          "obstacle_name": "table_top",
          "clearance_m": 0.004158496856689453,
          "overlaps": false,
          "overlap_depth_m": 0.0,
          "support_surface": true
        }
      },
      "classification": {
        "task_succeeded": true,
        "safe_completion": false,
        "failure_type": "clearance_violation",
        "clutter_contact": false,
        "clearance_violation": true
      },
      "frame_count": 112
    }
  }
}
Traceback (most recent call last):
  File "/workspace/GuardianSim/scripts/record_gate33_demo.py", line 300, in <module>
    main()
  File "/workspace/GuardianSim/scripts/record_gate33_demo.py", line 245, in main
    raise RuntimeError(
RuntimeError: fresh replay did not retain the verified contact-to-safe contrast; diagnostic preserved and presentation video rejected

[38;5;9m[Genesis] [05:08:19] [ERROR] RuntimeError: fresh replay did not retain the verified contact-to-safe contrast; diagnostic preserved and presentation video rejected[0m
[38;5;159m[Genesis] [05:08:19] [INFO] 💤 Exiting Genesis and caching compiled kernels...[0m
