Gate 3.3 protocol=5f9497c363c32f8bbabb62e395d5814958e273d3b6d235fb46a7a5f23be6b130 matrix=c934f3427a937f2cc8594a1408e97d1ed9bf3692fa41af066f2fb8652435e983 scenarios=24
[38;5;159m[Genesis] [05:16:59] [INFO] [38;5;121m╭───────────────────────────────────────────────╮[0m[38;5;159m[0m
[38;5;159m[Genesis] [05:16:59] [INFO] [38;5;121m│┈┉┈┉┈┉┈┉┈┉┈┉┈┉┈┉┈┉┈[0m[38;5;159m [38;5;121m[1m[3mGenesis[0m[38;5;159m [38;5;121m┈┉┈┉┈┉┈┉┈┉┈┉┈┉┈┉┈┉┈│[0m[38;5;159m[0m
[38;5;159m[Genesis] [05:16:59] [INFO] [38;5;121m╰───────────────────────────────────────────────╯[0m[38;5;159m[0m
[38;5;159m[Genesis] [05:17:00] [INFO] Running on [38;5;121m[4m[AMD Radeon Graphics][0m[38;5;159m with backend [38;5;121m[4mgs.amdgpu[0m[38;5;159m. Device memory: [38;5;121m[4m47.98[0m[38;5;159m GB.[0m
[38;5;159m[Genesis] [05:17:00] [INFO] 🚀 Genesis initialized. 🔖 version: [38;5;121m[4m1.2.3[0m[38;5;159m, 🎨 theme: [38;5;121m[4mdark[0m[38;5;159m, 🌱 seed: [38;5;121m[4mNone[0m[38;5;159m, 🐛 debug: [38;5;121m[4mFalse[0m[38;5;159m, 📏 precision: [38;5;121m[4m32[0m[38;5;159m, 🔥 performance: [38;5;121m[4mFalse[0m[38;5;159m, 💬 verbose: [38;5;121m[4mINFO[0m[38;5;159m[0m
[38;5;159m[Genesis] [05:17:02] [INFO] Scene [38;5;121m[3m<93a48a2>[0m[38;5;159m created.[0m
[38;5;159m[Genesis] [05:17:02] [INFO] Adding [38;5;121m<gs.engine.entities.RigidEntity>[0m[38;5;159m. idx: [38;5;121m0[0m[38;5;159m, uid: [38;5;121m[3m<5989558>[0m[38;5;159m, morph: [38;5;121m<gs.morphs.Plane>[0m[38;5;159m, material: [38;5;121m<gs.materials.Rigid>[0m[38;5;159m.[0m
[38;5;159m[Genesis] [05:17:02] [INFO] Adding [38;5;121m<gs.engine.entities.RigidEntity>[0m[38;5;159m. idx: [38;5;121m1[0m[38;5;159m, uid: [38;5;121m[3m<f542f19>[0m[38;5;159m, morph: [38;5;121m<gs.morphs.Box>[0m[38;5;159m, material: [38;5;121m<gs.materials.Rigid>[0m[38;5;159m.[0m
[38;5;159m[Genesis] [05:17:02] [INFO] Adding [38;5;121m<gs.engine.entities.RigidEntity>[0m[38;5;159m. idx: [38;5;121m2[0m[38;5;159m, uid: [38;5;121m[3m<f152e33>[0m[38;5;159m, morph: [38;5;121m<gs.morphs.Box>[0m[38;5;159m, material: [38;5;121m<gs.materials.Rigid>[0m[38;5;159m.[0m
[38;5;159m[Genesis] [05:17:02] [INFO] Adding [38;5;121m<gs.engine.entities.RigidEntity>[0m[38;5;159m. idx: [38;5;121m3[0m[38;5;159m, uid: [38;5;121m[3m<c7e878f>[0m[38;5;159m, morph: [38;5;121m<gs.morphs.Box>[0m[38;5;159m, material: [38;5;121m<gs.materials.Rigid>[0m[38;5;159m.[0m
[38;5;159m[Genesis] [05:17:02] [INFO] Adding [38;5;121m<gs.engine.entities.RigidEntity>[0m[38;5;159m. idx: [38;5;121m4[0m[38;5;159m, uid: [38;5;121m[3m<adfaf91>[0m[38;5;159m, morph: [38;5;121m<gs.morphs.Box>[0m[38;5;159m, material: [38;5;121m<gs.materials.Rigid>[0m[38;5;159m.[0m
[38;5;159m[Genesis] [05:17:02] [INFO] Adding [38;5;121m<gs.engine.entities.RigidEntity>[0m[38;5;159m. idx: [38;5;121m5[0m[38;5;159m, uid: [38;5;121m[3m<cfad1dd>[0m[38;5;159m, morph: [38;5;121m<gs.morphs.Box>[0m[38;5;159m, material: [38;5;121m<gs.materials.Rigid>[0m[38;5;159m.[0m
[38;5;159m[Genesis] [05:17:02] [INFO] Adding [38;5;121m<gs.engine.entities.RigidEntity>[0m[38;5;159m. idx: [38;5;121m6[0m[38;5;159m, uid: [38;5;121m[3m<0891720>[0m[38;5;159m, morph: [38;5;121m<gs.morphs.Mesh(file='/workspace/GuardianSim/assets/ycb/011_banana/textured.obj')>[0m[38;5;159m, material: [38;5;121m<gs.materials.Rigid>[0m[38;5;159m.[0m
[38;5;159m[Genesis] [05:17:02] [INFO] Convex hull is not accurate enough for collision detection (0.547). Falling back to more expensive convex decomposition (see FileMorph options).[0m
[38;5;159m[Genesis] [05:17:02] [INFO] Adding [38;5;121m<gs.engine.entities.RigidEntity>[0m[38;5;159m. idx: [38;5;121m7[0m[38;5;159m, uid: [38;5;121m[3m<5e0fbd9>[0m[38;5;159m, morph: [38;5;121m<gs.morphs.Mesh(file='/workspace/GuardianSim/assets/ycb/014_lemon/textured.obj')>[0m[38;5;159m, material: [38;5;121m<gs.materials.Rigid>[0m[38;5;159m.[0m
[38;5;159m[Genesis] [05:17:02] [INFO] Adding [38;5;121m<gs.engine.entities.RigidEntity>[0m[38;5;159m. idx: [38;5;121m8[0m[38;5;159m, uid: [38;5;121m[3m<6d5c67f>[0m[38;5;159m, morph: [38;5;121m<gs.morphs.Mesh(file='/workspace/GuardianSim/assets/ycb/018_plum/textured.obj')>[0m[38;5;159m, material: [38;5;121m<gs.materials.Rigid>[0m[38;5;159m.[0m
[38;5;159m[Genesis] [05:17:02] [INFO] Adding [38;5;121m<gs.engine.entities.RigidEntity>[0m[38;5;159m. idx: [38;5;121m9[0m[38;5;159m, uid: [38;5;121m[3m<920b1a4>[0m[38;5;159m, morph: [38;5;121m<gs.morphs.Mesh(file='/workspace/GuardianSim/assets/ycb/024_bowl/textured.obj')>[0m[38;5;159m, material: [38;5;121m<gs.materials.Rigid>[0m[38;5;159m.[0m
[38;5;159m[Genesis] [05:17:02] [INFO] Convex hull is not accurate enough for collision detection (21.454). Falling back to more expensive convex decomposition (see FileMorph options).[0m
[38;5;159m[Genesis] [05:17:02] [INFO] Adding [38;5;121m<gs.engine.entities.RigidEntity>[0m[38;5;159m. idx: [38;5;121m10[0m[38;5;159m, uid: [38;5;121m[3m<75c8716>[0m[38;5;159m, morph: [38;5;121m<gs.morphs.MJCF(file='/workspace/GuardianSim/assets/robots/franka/panda.xml')>[0m[38;5;159m, material: [38;5;121m<gs.materials.Rigid>[0m[38;5;159m.[0m
[38;5;226m[Genesis] [05:17:03] [WARNING] (MJCF) Approximating tendon by joint actuator for `finger_joint1`[0m
[38;5;226m[Genesis] [05:17:03] [WARNING] (MJCF) Approximating tendon by joint actuator for `finger_joint2`[0m
[38;5;159m[Genesis] [05:17:03] [INFO] Building scene [38;5;121m[3m<93a48a2>[0m[38;5;159m...[0m
[38;5;226m[Genesis] [05:17:05] [WARNING] Neutral robot position (qpos0) exceeds joint limits.[0m
[38;5;226m[Genesis] [05:17:06] [WARNING] Constraint solver time constant should be greater than 2*substep_dt. timeconst is changed from `0.005` to `0.01`). Decrease simulation timestep or increase timeconst to avoid altering the original value.[0m
[38;5;226m[Genesis] [05:17:10] [WARNING] Filtered out geometry pairs causing self-collision for the neutral configuration (qpos0): (38, 43), (39, 43), (46, 53), (47, 52), (48, 55), (49, 54). Consider tuning Morph option 'decompose_robot_error_threshold' or specify dedicated collision meshes. This behavior can be disabled by setting Morph option 'enable_neutral_collision=True'.[0m
[38;5;159m[Genesis] [05:17:13] [INFO] Compiling simulation kernels...[0m
/opt/venv/lib/python3.12/site-packages/quadrants/lang/ast/ast_transformers/function_def_transformer.py:671: DeprecationWarning: ast.Str is deprecated and will be removed in Python 3.14; use ast.Constant instead
  return index == 0 and isinstance(stmt, ast.Expr) and isinstance(stmt.value, (ast.Constant, ast.Str))
[38;5;159m[Genesis] [05:18:36] [INFO] Building visualizer...[0m
/opt/venv/lib/python3.12/site-packages/torch/utils/_device.py:103: UserWarning: The given NumPy array is not writable, and PyTorch does not support non-writable tensors. This means writing to this tensor will result in undefined behavior. You may want to copy the array to protect its data or make it writable before converting it to a tensor. This type of warning will be suppressed for the rest of this program. (Triggered internally at /app/pytorch/torch/csrc/utils/tensor_numpy.cpp:206.)
  return func(*args, **kwargs)
/opt/venv/lib/python3.12/site-packages/quadrants/_test_tools/warnings_helper.py:11: UserWarning: cannot create weak reference to 'tuple' object. Template mapper caching disabled.
  warnings.warn(message)
[38;5;159m[Genesis] [05:19:48] [INFO] RRTConnect planning failed in 1 environments[0m
[38;5;159m[Genesis] [05:19:48] [INFO] Planning failed. Retrying for 1 environments...[0m
scenario=1/24 stratum=pose_shift id=pose_shift-011_banana-lateral_clutter-s501 decision=higher_margin_alternative baseline_safe=True guardian_safe=True planning_s=258.35
[38;5;159m[Genesis] [05:23:13] [INFO] RRTConnect planning failed in 1 environments[0m
[38;5;159m[Genesis] [05:23:13] [INFO] Planning failed. Retrying for 1 environments...[0m
[38;5;159m[Genesis] [05:24:21] [INFO] RRTConnect planning failed in 1 environments[0m
[38;5;159m[Genesis] [05:24:21] [INFO] Planning failed. Retrying for 1 environments...[0m
[38;5;159m[Genesis] [05:24:53] [INFO] RRTConnect planning failed in 1 environments[0m
[38;5;159m[Genesis] [05:24:53] [INFO] Planning failed. Retrying for 1 environments...[0m
[38;5;159m[Genesis] [05:24:55] [INFO] RRTConnect planning failed in 1 environments[0m
[38;5;159m[Genesis] [05:24:55] [INFO] Planning failed. Retrying for 1 environments...[0m
scenario=2/24 stratum=pose_shift id=pose_shift-011_banana-radial_clutter-s502 decision=higher_margin_alternative baseline_safe=True guardian_safe=True planning_s=265.46
[38;5;159m[Genesis] [05:28:02] [INFO] RRTConnect planning failed in 1 environments[0m
[38;5;159m[Genesis] [05:28:02] [INFO] Planning failed. Retrying for 1 environments...[0m
scenario=3/24 stratum=pose_shift id=pose_shift-014_lemon-lateral_clutter-s503 decision=unsafe_nominal_replaced baseline_safe=False guardian_safe=True planning_s=210.38
scenario=4/24 stratum=pose_shift id=pose_shift-014_lemon-radial_clutter-s504 decision=eligible_nominal_fallback baseline_safe=True guardian_safe=True planning_s=162.27
[38;5;159m[Genesis] [05:35:19] [INFO] RRTConnect planning failed in 1 environments[0m
[38;5;159m[Genesis] [05:35:19] [INFO] Planning failed. Retrying for 1 environments...[0m
[38;5;159m[Genesis] [05:35:52] [INFO] RRTConnect planning failed in 1 environments[0m
[38;5;159m[Genesis] [05:35:52] [INFO] Planning failed. Retrying for 1 environments...[0m
[38;5;159m[Genesis] [05:36:38] [INFO] RRTConnect planning failed in 1 environments[0m
[38;5;159m[Genesis] [05:36:38] [INFO] Planning failed. Retrying for 1 environments...[0m
[38;5;159m[Genesis] [05:37:40] [INFO] RRTConnect planning failed in 1 environments[0m
[38;5;159m[Genesis] [05:37:40] [INFO] Planning failed. Retrying for 1 environments...[0m
scenario=5/24 stratum=pose_shift id=pose_shift-018_plum-lateral_clutter-s505 decision=unsafe_nominal_replaced baseline_safe=False guardian_safe=True planning_s=221.07
[38;5;159m[Genesis] [05:39:41] [INFO] RRTConnect planning failed in 1 environments[0m
[38;5;159m[Genesis] [05:39:41] [INFO] Planning failed. Retrying for 1 environments...[0m
scenario=6/24 stratum=pose_shift id=pose_shift-018_plum-radial_clutter-s506 decision=eligible_nominal_fallback baseline_safe=True guardian_safe=True planning_s=176.46
[38;5;159m[Genesis] [05:46:03] [INFO] RRTConnect planning failed in 1 environments[0m
[38;5;159m[Genesis] [05:46:03] [INFO] Planning failed. Retrying for 1 environments...[0m
scenario=7/24 stratum=gap_bearing id=gap_bearing-011_banana-lateral_clutter-s507 decision=unsafe_nominal_replaced baseline_safe=False guardian_safe=True planning_s=284.64
[38;5;159m[Genesis] [05:47:05] [INFO] RRTConnect planning failed in 1 environments[0m
[38;5;159m[Genesis] [05:47:05] [INFO] Planning failed. Retrying for 1 environments...[0m
[38;5;159m[Genesis] [05:50:15] [INFO] RRTConnect planning failed in 1 environments[0m
[38;5;159m[Genesis] [05:50:15] [INFO] Planning failed. Retrying for 1 environments...[0m
[38;5;159m[Genesis] [05:52:04] [INFO] RRTConnect planning failed in 1 environments[0m
[38;5;159m[Genesis] [05:52:04] [INFO] Planning failed. Retrying for 1 environments...[0m
scenario=8/24 stratum=gap_bearing id=gap_bearing-011_banana-radial_clutter-s508 decision=unsafe_nominal_replaced baseline_safe=True guardian_safe=True planning_s=333.45
[38;5;159m[Genesis] [05:55:20] [INFO] RRTConnect planning failed in 1 environments[0m
[38;5;159m[Genesis] [05:55:20] [INFO] Planning failed. Retrying for 1 environments...[0m
scenario=9/24 stratum=gap_bearing id=gap_bearing-014_lemon-lateral_clutter-s509 decision=safe_stop baseline_safe=False guardian_safe=False planning_s=196.55
[38;5;159m[Genesis] [05:57:07] [INFO] RRTConnect planning failed in 1 environments[0m
[38;5;159m[Genesis] [05:57:07] [INFO] Planning failed. Retrying for 1 environments...[0m
scenario=10/24 stratum=gap_bearing id=gap_bearing-014_lemon-radial_clutter-s510 decision=eligible_nominal_fallback baseline_safe=True guardian_safe=True planning_s=185.59
[38;5;159m[Genesis] [06:02:22] [INFO] RRTConnect planning failed in 1 environments[0m
[38;5;159m[Genesis] [06:02:22] [INFO] Planning failed. Retrying for 1 environments...[0m
scenario=11/24 stratum=gap_bearing id=gap_bearing-018_plum-lateral_clutter-s511 decision=safe_stop baseline_safe=False guardian_safe=False planning_s=181.60
[38;5;159m[Genesis] [06:05:33] [INFO] RRTConnect planning failed in 1 environments[0m
[38;5;159m[Genesis] [06:05:33] [INFO] Planning failed. Retrying for 1 environments...[0m
scenario=12/24 stratum=gap_bearing id=gap_bearing-018_plum-radial_clutter-s512 decision=eligible_nominal_fallback baseline_safe=True guardian_safe=True planning_s=182.54
{
  "absolute_safe_completion_rate_lift": 0.41666666666666663,
  "baseline": {
    "clutter_contact_count": 4,
    "clutter_contact_rate": 0.3333333333333333,
    "episode_count": 12,
    "execution_count": 12,
    "failure_types": {
      "clearance_violation": 1,
      "clutter_contact": 4,
      "safe_success": 7
    },
    "mean_clutter_clearance_m": 0.019032506066163864,
    "mean_stability": 0.9133222202459971,
    "safe_completion_count": 7,
    "safe_completion_rate": 0.5833333333333334,
    "safe_stop_count": 0,
    "safe_stop_rate": 0.0,
    "task_success_count": 8,
    "task_success_rate": 0.6666666666666666
  },
  "episode_count": 12,
  "guardiansim": {
    "clutter_contact_count": 0,
    "clutter_contact_rate": 0.0,
    "episode_count": 12,
    "execution_count": 10,
    "failure_types": {
      "safe_stop": 2,
      "safe_success": 10
    },
    "mean_clutter_clearance_m": 0.04354701981771594,
    "mean_stability": 0.9167722225189209,
    "safe_completion_count": 10,
    "safe_completion_rate": 1.0,
    "safe_stop_count": 2,
    "safe_stop_rate": 0.16666666666666666,
    "task_success_count": 10,
    "task_success_rate": 1.0
  },
  "strata": {
    "gap_bearing": {
      "baseline": {
        "clutter_contact_count": 2,
        "clutter_contact_rate": 0.3333333333333333,
        "episode_count": 6,
        "execution_count": 6,
        "failure_types": {
          "clearance_violation": 1,
          "clutter_contact": 2,
          "safe_success": 3
        },
        "mean_clutter_clearance_m": 0.010417083899180094,
        "mean_stability": 0.9120220939318339,
        "safe_completion_count": 3,
        "safe_completion_rate": 0.5,
        "safe_stop_count": 0,
        "safe_stop_rate": 0.0,
        "task_success_count": 4,
        "task_success_rate": 0.6666666666666666
      },
      "guardiansim": {
        "clutter_contact_count": 0,
        "clutter_contact_rate": 0.0,
        "episode_count": 6,
        "execution_count": 4,
        "failure_types": {
          "safe_stop": 2,
          "safe_success": 4
        },
        "mean_clutter_clearance_m": 0.0388232172597927,
        "mean_stability": 0.9356308877468109,
        "safe_completion_count": 4,
        "safe_completion_rate": 1.0,
        "safe_stop_count": 2,
        "safe_stop_rate": 0.3333333333333333,
        "task_success_count": 4,
        "task_success_rate": 1.0
      }
    },
    "pose_shift": {
      "baseline": {
        "clutter_contact_count": 2,
        "clutter_contact_rate": 0.3333333333333333,
        "episode_count": 6,
        "execution_count": 6,
        "failure_types": {
          "clutter_contact": 2,
          "safe_success": 4
        },
        "mean_clutter_clearance_m": 0.027647928233147632,
        "mean_stability": 0.9146223465601603,
        "safe_completion_count": 4,
        "safe_completion_rate": 0.6666666666666666,
        "safe_stop_count": 0,
        "safe_stop_rate": 0.0,
        "task_success_count": 4,
        "task_success_rate": 0.6666666666666666
      },
      "guardiansim": {
        "clutter_contact_count": 0,
        "clutter_contact_rate": 0.0,
        "episode_count": 6,
        "execution_count": 6,
        "failure_types": {
          "safe_success": 6
        },
        "mean_clutter_clearance_m": 0.046696221522998106,
        "mean_stability": 0.9041997790336609,
        "safe_completion_count": 6,
        "safe_completion_rate": 1.0,
        "safe_stop_count": 0,
        "safe_stop_rate": 0.0,
        "task_success_count": 6,
        "task_success_rate": 1.0
      }
    }
  }
}
[38;5;159m[Genesis] [06:05:56] [INFO] 💤 Exiting Genesis and caching compiled kernels...[0m
