nohup: ignoring input
STARTING chunk=00 attempt=001
COMPLETED chunk=00 sha256=4aebf1611e171d516804112e498e44ea41d7c6409bc4b8f6b9d6577f86e2024b
STARTING chunk=01 attempt=001
COMPLETED chunk=01 sha256=32f18d9a92168b69fec21b6b842d4976d3d7901fb109006ecd1d94c172308d08
STARTING chunk=02 attempt=001
COMPLETED chunk=02 sha256=fd9aa7c9f76348e479c3793f011546d57a04013905a511b6dece1f589d253142
STARTING chunk=03 attempt=001
COMPLETED chunk=03 sha256=49e01d5c8298dbb20f8e71db86839afb1dcc2d7b765b33b80903dea0016679c6
STARTING chunk=04 attempt=001
COMPLETED chunk=04 sha256=d1c786527f579d6f4aa0ed450ff2b9eef825a4ce801fe991d7b873235de20900
STARTING chunk=05 attempt=001
COMPLETED chunk=05 sha256=9efa5407f06a188eb042adbd1122f5d6808b2ecac17d248567187b397c94afd2
STARTING chunk=06 attempt=001
COMPLETED chunk=06 sha256=4a2c412421a94653502c9813b79ffa088a0777c351f576c119984c83f5495184
STARTING chunk=07 attempt=001
COMPLETED chunk=07 sha256=41d9af2aa08d97f0a1ea9103e9a2721a4d942ac2316138c2b8833571f92de31f
STARTING chunk=08 attempt=001
COMPLETED chunk=08 sha256=990c7250c5bfd6506a9b2ed13c2483a3e9e5388c505736430a4934ce81a77c27
STARTING chunk=09 attempt=001
COMPLETED chunk=09 sha256=eef6d016eefbab07c0bcd757e6f7787cffbf77872a6b77b2f2d8ba087bcf6f18
STARTING chunk=10 attempt=001
COMPLETED chunk=10 sha256=a9e0edfd3f7f76c5a1362317201257bfc7512d5cc415037bcee8fcd2f0ee4950
STARTING chunk=11 attempt=001
COMPLETED chunk=11 sha256=a52d1177a7fd4db345d7d5a46d63ee85ab58e6780be6ae083965558d28706206
STARTING chunk=12 attempt=001
COMPLETED chunk=12 sha256=492908e19fcd01254a1e90d50fe651ad2722193affda1842108149f1259d3afd
STARTING chunk=13 attempt=001
COMPLETED chunk=13 sha256=7f60007629c030f80093a427efd11700f94e37c47fab39668248e56b190152d9
STARTING chunk=14 attempt=001
COMPLETED chunk=14 sha256=03cc8429afbb0fa4f68709136413c2420821608f6ba4b4dd7cf7bac9fe7afc8e
STARTING chunk=15 attempt=001
COMPLETED chunk=15 sha256=d09c55650a8ef66cc18fd1f39954b182cc5796a02d36d682d9bf0c17f2b7b382
STARTING chunk=16 attempt=001
COMPLETED chunk=16 sha256=179d40bfd399e466a91fed3aebff2ff4a49e1390d24622f4951a0546536fa267
STARTING chunk=17 attempt=001
COMPLETED chunk=17 sha256=468becad6c64275132c8f2676bf4c689defe5f1665babfd3976666d1616287ef
{
  "status": "passed",
  "schema_version": 1,
  "mode": "radeon_formal",
  "protocol_sha256": "7fedeeeea436f3b0fe04196e4ad5ec225ccfe7bf26ad60cd3af8a7a4f4da43ac",
  "candidate_world_count": 4608,
  "formal_status": "passed",
  "decision": "execute",
  "selected_candidate_id": "yaw_-45.0_retreat_+0.000_approach_+0.140",
  "showcase_ready": true,
  "report_sha256": "a3e86baa03e84d75a81062fee5f9f22770a3753708c116168174ea291c7a93cf"
}
