nohup: ignoring input
Gate 3.1 protocol=472bb6ea13984dff02124c091ac8d94c67154bbe68858bb782aed8014d2afbba scenarios=30
[38;5;159m[Genesis] [12:45:35] [INFO] [38;5;121m╭───────────────────────────────────────────────╮[0m[38;5;159m[0m
[38;5;159m[Genesis] [12:45:35] [INFO] [38;5;121m│┈┉┈┉┈┉┈┉┈┉┈┉┈┉┈┉┈┉┈[0m[38;5;159m [38;5;121m[1m[3mGenesis[0m[38;5;159m [38;5;121m┈┉┈┉┈┉┈┉┈┉┈┉┈┉┈┉┈┉┈│[0m[38;5;159m[0m
[38;5;159m[Genesis] [12:45:35] [INFO] [38;5;121m╰───────────────────────────────────────────────╯[0m[38;5;159m[0m
[38;5;159m[Genesis] [12:45:35] [INFO] Running on [38;5;121m[4m[AMD Radeon Graphics][0m[38;5;159m with backend [38;5;121m[4mgs.amdgpu[0m[38;5;159m. Device memory: [38;5;121m[4m47.98[0m[38;5;159m GB.[0m
[38;5;159m[Genesis] [12:45:35] [INFO] 🚀 Genesis initialized. 🔖 version: [38;5;121m[4m1.2.3[0m[38;5;159m, 🎨 theme: [38;5;121m[4mdark[0m[38;5;159m, 🌱 seed: [38;5;121m[4mNone[0m[38;5;159m, 🐛 debug: [38;5;121m[4mFalse[0m[38;5;159m, 📏 precision: [38;5;121m[4m32[0m[38;5;159m, 🔥 performance: [38;5;121m[4mFalse[0m[38;5;159m, 💬 verbose: [38;5;121m[4mINFO[0m[38;5;159m[0m
[38;5;159m[Genesis] [12:45:37] [INFO] Scene [38;5;121m[3m<bfea349>[0m[38;5;159m created.[0m
[38;5;159m[Genesis] [12:45:37] [INFO] Adding [38;5;121m<gs.engine.entities.RigidEntity>[0m[38;5;159m. idx: [38;5;121m0[0m[38;5;159m, uid: [38;5;121m[3m<1436b77>[0m[38;5;159m, morph: [38;5;121m<gs.morphs.Plane>[0m[38;5;159m, material: [38;5;121m<gs.materials.Rigid>[0m[38;5;159m.[0m
[38;5;159m[Genesis] [12:45:37] [INFO] Adding [38;5;121m<gs.engine.entities.RigidEntity>[0m[38;5;159m. idx: [38;5;121m1[0m[38;5;159m, uid: [38;5;121m[3m<6c2677d>[0m[38;5;159m, morph: [38;5;121m<gs.morphs.Box>[0m[38;5;159m, material: [38;5;121m<gs.materials.Rigid>[0m[38;5;159m.[0m
[38;5;159m[Genesis] [12:45:37] [INFO] Adding [38;5;121m<gs.engine.entities.RigidEntity>[0m[38;5;159m. idx: [38;5;121m2[0m[38;5;159m, uid: [38;5;121m[3m<3661d40>[0m[38;5;159m, morph: [38;5;121m<gs.morphs.Box>[0m[38;5;159m, material: [38;5;121m<gs.materials.Rigid>[0m[38;5;159m.[0m
[38;5;159m[Genesis] [12:45:37] [INFO] Adding [38;5;121m<gs.engine.entities.RigidEntity>[0m[38;5;159m. idx: [38;5;121m3[0m[38;5;159m, uid: [38;5;121m[3m<3b8a55a>[0m[38;5;159m, morph: [38;5;121m<gs.morphs.Box>[0m[38;5;159m, material: [38;5;121m<gs.materials.Rigid>[0m[38;5;159m.[0m
[38;5;159m[Genesis] [12:45:37] [INFO] Adding [38;5;121m<gs.engine.entities.RigidEntity>[0m[38;5;159m. idx: [38;5;121m4[0m[38;5;159m, uid: [38;5;121m[3m<8cb90a5>[0m[38;5;159m, morph: [38;5;121m<gs.morphs.Box>[0m[38;5;159m, material: [38;5;121m<gs.materials.Rigid>[0m[38;5;159m.[0m
[38;5;159m[Genesis] [12:45:37] [INFO] Adding [38;5;121m<gs.engine.entities.RigidEntity>[0m[38;5;159m. idx: [38;5;121m5[0m[38;5;159m, uid: [38;5;121m[3m<1fa8699>[0m[38;5;159m, morph: [38;5;121m<gs.morphs.Box>[0m[38;5;159m, material: [38;5;121m<gs.materials.Rigid>[0m[38;5;159m.[0m
[38;5;159m[Genesis] [12:45:37] [INFO] Adding [38;5;121m<gs.engine.entities.RigidEntity>[0m[38;5;159m. idx: [38;5;121m6[0m[38;5;159m, uid: [38;5;121m[3m<60c42be>[0m[38;5;159m, morph: [38;5;121m<gs.morphs.Mesh(file='/workspace/GuardianSim/assets/ycb/011_banana/textured.obj')>[0m[38;5;159m, material: [38;5;121m<gs.materials.Rigid>[0m[38;5;159m.[0m
[38;5;159m[Genesis] [12:45:37] [INFO] Convex hull is not accurate enough for collision detection (0.547). Falling back to more expensive convex decomposition (see FileMorph options).[0m
[38;5;159m[Genesis] [12:45:37] [INFO] Adding [38;5;121m<gs.engine.entities.RigidEntity>[0m[38;5;159m. idx: [38;5;121m7[0m[38;5;159m, uid: [38;5;121m[3m<88eeff6>[0m[38;5;159m, morph: [38;5;121m<gs.morphs.Mesh(file='/workspace/GuardianSim/assets/ycb/014_lemon/textured.obj')>[0m[38;5;159m, material: [38;5;121m<gs.materials.Rigid>[0m[38;5;159m.[0m
[38;5;159m[Genesis] [12:45:37] [INFO] Adding [38;5;121m<gs.engine.entities.RigidEntity>[0m[38;5;159m. idx: [38;5;121m8[0m[38;5;159m, uid: [38;5;121m[3m<d5b35ac>[0m[38;5;159m, morph: [38;5;121m<gs.morphs.Mesh(file='/workspace/GuardianSim/assets/ycb/018_plum/textured.obj')>[0m[38;5;159m, material: [38;5;121m<gs.materials.Rigid>[0m[38;5;159m.[0m
[38;5;159m[Genesis] [12:45:37] [INFO] Adding [38;5;121m<gs.engine.entities.RigidEntity>[0m[38;5;159m. idx: [38;5;121m9[0m[38;5;159m, uid: [38;5;121m[3m<6c4b60a>[0m[38;5;159m, morph: [38;5;121m<gs.morphs.Mesh(file='/workspace/GuardianSim/assets/ycb/024_bowl/textured.obj')>[0m[38;5;159m, material: [38;5;121m<gs.materials.Rigid>[0m[38;5;159m.[0m
[38;5;159m[Genesis] [12:45:38] [INFO] Convex hull is not accurate enough for collision detection (21.454). Falling back to more expensive convex decomposition (see FileMorph options).[0m
[38;5;159m[Genesis] [12:45:38] [INFO] Adding [38;5;121m<gs.engine.entities.RigidEntity>[0m[38;5;159m. idx: [38;5;121m10[0m[38;5;159m, uid: [38;5;121m[3m<85bab3a>[0m[38;5;159m, morph: [38;5;121m<gs.morphs.MJCF(file='/workspace/GuardianSim/assets/robots/franka/panda.xml')>[0m[38;5;159m, material: [38;5;121m<gs.materials.Rigid>[0m[38;5;159m.[0m
[38;5;226m[Genesis] [12:45:38] [WARNING] (MJCF) Approximating tendon by joint actuator for `finger_joint1`[0m
[38;5;226m[Genesis] [12:45:38] [WARNING] (MJCF) Approximating tendon by joint actuator for `finger_joint2`[0m
[38;5;159m[Genesis] [12:45:38] [INFO] Building scene [38;5;121m[3m<bfea349>[0m[38;5;159m...[0m
[38;5;226m[Genesis] [12:45:39] [WARNING] Neutral robot position (qpos0) exceeds joint limits.[0m
[38;5;226m[Genesis] [12:45:39] [WARNING] Constraint solver time constant should be greater than 2*substep_dt. timeconst is changed from `0.005` to `0.01`). Decrease simulation timestep or increase timeconst to avoid altering the original value.[0m
[38;5;226m[Genesis] [12:45:41] [WARNING] Filtered out geometry pairs causing self-collision for the neutral configuration (qpos0): (38, 43), (39, 43), (46, 53), (47, 52), (48, 55), (49, 54). Consider tuning Morph option 'decompose_robot_error_threshold' or specify dedicated collision meshes. This behavior can be disabled by setting Morph option 'enable_neutral_collision=True'.[0m
[38;5;159m[Genesis] [12:45:43] [INFO] Compiling simulation kernels...[0m
[38;5;159m[Genesis] [12:45:55] [INFO] Building visualizer...[0m
/opt/venv/lib/python3.12/site-packages/torch/utils/_device.py:103: UserWarning: The given NumPy array is not writable, and PyTorch does not support non-writable tensors. This means writing to this tensor will result in undefined behavior. You may want to copy the array to protect its data or make it writable before converting it to a tensor. This type of warning will be suppressed for the rest of this program. (Triggered internally at /app/pytorch/torch/csrc/utils/tensor_numpy.cpp:206.)
  return func(*args, **kwargs)
/opt/venv/lib/python3.12/site-packages/quadrants/_test_tools/warnings_helper.py:11: UserWarning: cannot create weak reference to 'tuple' object. Template mapper caching disabled.
  warnings.warn(message)
[38;5;159m[Genesis] [12:46:24] [INFO] RRTConnect planning failed in 1 environments[0m
[38;5;159m[Genesis] [12:46:24] [INFO] Planning failed. Retrying for 1 environments...[0m
[38;5;159m[Genesis] [12:46:26] [INFO] RRTConnect planning failed in 1 environments[0m
[38;5;159m[Genesis] [12:46:26] [INFO] Planning failed. Retrying for 1 environments...[0m
[38;5;159m[Genesis] [12:48:11] [INFO] RRTConnect planning failed in 1 environments[0m
[38;5;159m[Genesis] [12:48:11] [INFO] Planning failed. Retrying for 1 environments...[0m
scenario=1/30 id=011_banana-lateral_clutter-r01-s301 baseline_safe=True guardian_safe=True selected=yaw_-22.5_offset_+0.020 planning_s=176.53
[38;5;159m[Genesis] [12:50:10] [INFO] RRTConnect planning failed in 1 environments[0m
[38;5;159m[Genesis] [12:50:10] [INFO] Planning failed. Retrying for 1 environments...[0m
[38;5;159m[Genesis] [12:51:20] [INFO] RRTConnect planning failed in 1 environments[0m
[38;5;159m[Genesis] [12:51:20] [INFO] Planning failed. Retrying for 1 environments...[0m
[38;5;159m[Genesis] [12:52:05] [INFO] RRTConnect planning failed in 1 environments[0m
[38;5;159m[Genesis] [12:52:05] [INFO] Planning failed. Retrying for 1 environments...[0m
[38;5;159m[Genesis] [12:52:07] [INFO] RRTConnect planning failed in 1 environments[0m
[38;5;159m[Genesis] [12:52:07] [INFO] Planning failed. Retrying for 1 environments...[0m
scenario=2/30 id=011_banana-lateral_clutter-r02-s302 baseline_safe=False guardian_safe=True selected=yaw_-22.5_offset_+0.020 planning_s=172.81
{
  "absolute_safe_completion_rate_lift": 0.5,
  "baseline": {
    "candidate_selections": {
      "yaw_+00.0_offset_+0.000": 2
    },
    "clutter_contact_count": 0,
    "clutter_contact_rate": 0.0,
    "episode_count": 2,
    "failure_types": {
      "clearance_violation": 1,
      "safe_success": 1
    },
    "mean_clutter_clearance_m": 0.03207117319107056,
    "mean_stability": 0.9008187055587769,
    "safe_completion_count": 1,
    "safe_completion_rate": 0.5,
    "task_success_count": 2,
    "task_success_rate": 1.0
  },
  "cells": {
    "011_banana/lateral_clutter": {
      "baseline": {
        "candidate_selections": {
          "yaw_+00.0_offset_+0.000": 2
        },
        "clutter_contact_count": 0,
        "clutter_contact_rate": 0.0,
        "episode_count": 2,
        "failure_types": {
          "clearance_violation": 1,
          "safe_success": 1
        },
        "mean_clutter_clearance_m": 0.03207117319107056,
        "mean_stability": 0.9008187055587769,
        "safe_completion_count": 1,
        "safe_completion_rate": 0.5,
        "task_success_count": 2,
        "task_success_rate": 1.0
      },
      "guardiansim": {
        "candidate_selections": {
          "yaw_-22.5_offset_+0.020": 2
        },
        "clutter_contact_count": 0,
        "clutter_contact_rate": 0.0,
        "episode_count": 2,
        "failure_types": {
          "safe_success": 2
        },
        "mean_clutter_clearance_m": 0.08250811323523521,
        "mean_stability": 0.8967423439025879,
        "safe_completion_count": 2,
        "safe_completion_rate": 1.0,
        "task_success_count": 2,
        "task_success_rate": 1.0
      }
    }
  },
  "episode_count": 2,
  "guardiansim": {
    "candidate_selections": {
      "yaw_-22.5_offset_+0.020": 2
    },
    "clutter_contact_count": 0,
    "clutter_contact_rate": 0.0,
    "episode_count": 2,
    "failure_types": {
      "safe_success": 2
    },
    "mean_clutter_clearance_m": 0.08250811323523521,
    "mean_stability": 0.8967423439025879,
    "safe_completion_count": 2,
    "safe_completion_rate": 1.0,
    "task_success_count": 2,
    "task_success_rate": 1.0
  }
}
[38;5;159m[Genesis] [12:52:19] [INFO] 💤 Exiting Genesis and caching compiled kernels...[0m
