[38;5;159m[Genesis] [07:57:04] [INFO] [38;5;121m╭───────────────────────────────────────────────╮[0m[38;5;159m[0m
[38;5;159m[Genesis] [07:57:04] [INFO] [38;5;121m│┈┉┈┉┈┉┈┉┈┉┈┉┈┉┈┉┈┉┈[0m[38;5;159m [38;5;121m[1m[3mGenesis[0m[38;5;159m [38;5;121m┈┉┈┉┈┉┈┉┈┉┈┉┈┉┈┉┈┉┈│[0m[38;5;159m[0m
[38;5;159m[Genesis] [07:57:04] [INFO] [38;5;121m╰───────────────────────────────────────────────╯[0m[38;5;159m[0m
[38;5;159m[Genesis] [07:57:05] [INFO] Running on [38;5;121m[4m[AMD Radeon Graphics][0m[38;5;159m with backend [38;5;121m[4mgs.amdgpu[0m[38;5;159m. Device memory: [38;5;121m[4m47.98[0m[38;5;159m GB.[0m
[38;5;159m[Genesis] [07:57:05] [INFO] 🚀 Genesis initialized. 🔖 version: [38;5;121m[4m1.2.3[0m[38;5;159m, 🎨 theme: [38;5;121m[4mdark[0m[38;5;159m, 🌱 seed: [38;5;121m[4mNone[0m[38;5;159m, 🐛 debug: [38;5;121m[4mFalse[0m[38;5;159m, 📏 precision: [38;5;121m[4m32[0m[38;5;159m, 🔥 performance: [38;5;121m[4mFalse[0m[38;5;159m, 💬 verbose: [38;5;121m[4mINFO[0m[38;5;159m[0m
[38;5;159m[Genesis] [07:57:07] [INFO] Scene [38;5;121m[3m<46418e1>[0m[38;5;159m created.[0m
[38;5;159m[Genesis] [07:57:07] [INFO] Adding [38;5;121m<gs.engine.entities.RigidEntity>[0m[38;5;159m. idx: [38;5;121m0[0m[38;5;159m, uid: [38;5;121m[3m<cd0b8a2>[0m[38;5;159m, morph: [38;5;121m<gs.morphs.Plane>[0m[38;5;159m, material: [38;5;121m<gs.materials.Rigid>[0m[38;5;159m.[0m
[38;5;159m[Genesis] [07:57:07] [INFO] Adding [38;5;121m<gs.engine.entities.RigidEntity>[0m[38;5;159m. idx: [38;5;121m1[0m[38;5;159m, uid: [38;5;121m[3m<e97dd00>[0m[38;5;159m, morph: [38;5;121m<gs.morphs.Box>[0m[38;5;159m, material: [38;5;121m<gs.materials.Rigid>[0m[38;5;159m.[0m
[38;5;159m[Genesis] [07:57:07] [INFO] Adding [38;5;121m<gs.engine.entities.RigidEntity>[0m[38;5;159m. idx: [38;5;121m2[0m[38;5;159m, uid: [38;5;121m[3m<d968839>[0m[38;5;159m, morph: [38;5;121m<gs.morphs.Box>[0m[38;5;159m, material: [38;5;121m<gs.materials.Rigid>[0m[38;5;159m.[0m
[38;5;159m[Genesis] [07:57:07] [INFO] Adding [38;5;121m<gs.engine.entities.RigidEntity>[0m[38;5;159m. idx: [38;5;121m3[0m[38;5;159m, uid: [38;5;121m[3m<24c932c>[0m[38;5;159m, morph: [38;5;121m<gs.morphs.Box>[0m[38;5;159m, material: [38;5;121m<gs.materials.Rigid>[0m[38;5;159m.[0m
[38;5;159m[Genesis] [07:57:07] [INFO] Adding [38;5;121m<gs.engine.entities.RigidEntity>[0m[38;5;159m. idx: [38;5;121m4[0m[38;5;159m, uid: [38;5;121m[3m<b91f516>[0m[38;5;159m, morph: [38;5;121m<gs.morphs.Box>[0m[38;5;159m, material: [38;5;121m<gs.materials.Rigid>[0m[38;5;159m.[0m
[38;5;159m[Genesis] [07:57:07] [INFO] Adding [38;5;121m<gs.engine.entities.RigidEntity>[0m[38;5;159m. idx: [38;5;121m5[0m[38;5;159m, uid: [38;5;121m[3m<ff4cd8b>[0m[38;5;159m, morph: [38;5;121m<gs.morphs.Box>[0m[38;5;159m, material: [38;5;121m<gs.materials.Rigid>[0m[38;5;159m.[0m
[38;5;159m[Genesis] [07:57:07] [INFO] Adding [38;5;121m<gs.engine.entities.RigidEntity>[0m[38;5;159m. idx: [38;5;121m6[0m[38;5;159m, uid: [38;5;121m[3m<d869736>[0m[38;5;159m, morph: [38;5;121m<gs.morphs.Mesh(file='/persistent/GuardianSim-scale-v3-formal/assets/ycb/011_banana/textured.obj')>[0m[38;5;159m, material: [38;5;121m<gs.materials.Rigid>[0m[38;5;159m.[0m
[38;5;159m[Genesis] [07:57:07] [INFO] Convex hull is not accurate enough for collision detection (0.547). Falling back to more expensive convex decomposition (see FileMorph options).[0m
[38;5;159m[Genesis] [07:57:07] [INFO] Adding [38;5;121m<gs.engine.entities.RigidEntity>[0m[38;5;159m. idx: [38;5;121m7[0m[38;5;159m, uid: [38;5;121m[3m<af3f328>[0m[38;5;159m, morph: [38;5;121m<gs.morphs.Mesh(file='/persistent/GuardianSim-scale-v3-formal/assets/ycb/014_lemon/textured.obj')>[0m[38;5;159m, material: [38;5;121m<gs.materials.Rigid>[0m[38;5;159m.[0m
[38;5;159m[Genesis] [07:57:07] [INFO] Adding [38;5;121m<gs.engine.entities.RigidEntity>[0m[38;5;159m. idx: [38;5;121m8[0m[38;5;159m, uid: [38;5;121m[3m<98ff4f9>[0m[38;5;159m, morph: [38;5;121m<gs.morphs.Mesh(file='/persistent/GuardianSim-scale-v3-formal/assets/ycb/018_plum/textured.obj')>[0m[38;5;159m, material: [38;5;121m<gs.materials.Rigid>[0m[38;5;159m.[0m
[38;5;159m[Genesis] [07:57:07] [INFO] Adding [38;5;121m<gs.engine.entities.RigidEntity>[0m[38;5;159m. idx: [38;5;121m9[0m[38;5;159m, uid: [38;5;121m[3m<2594663>[0m[38;5;159m, morph: [38;5;121m<gs.morphs.Mesh(file='/persistent/GuardianSim-scale-v3-formal/assets/ycb/024_bowl/textured.obj')>[0m[38;5;159m, material: [38;5;121m<gs.materials.Rigid>[0m[38;5;159m.[0m
[38;5;159m[Genesis] [07:57:07] [INFO] Convex hull is not accurate enough for collision detection (21.454). Falling back to more expensive convex decomposition (see FileMorph options).[0m
[38;5;159m[Genesis] [07:57:07] [INFO] Adding [38;5;121m<gs.engine.entities.RigidEntity>[0m[38;5;159m. idx: [38;5;121m10[0m[38;5;159m, uid: [38;5;121m[3m<7e95351>[0m[38;5;159m, morph: [38;5;121m<gs.morphs.MJCF(file='/persistent/GuardianSim-scale-v3-formal/assets/robots/franka/panda.xml')>[0m[38;5;159m, material: [38;5;121m<gs.materials.Rigid>[0m[38;5;159m.[0m
[38;5;226m[Genesis] [07:57:08] [WARNING] (MJCF) Approximating tendon by joint actuator for `finger_joint1`[0m
[38;5;226m[Genesis] [07:57:08] [WARNING] (MJCF) Approximating tendon by joint actuator for `finger_joint2`[0m
[38;5;159m[Genesis] [07:57:08] [INFO] Building scene [38;5;121m[3m<46418e1>[0m[38;5;159m...[0m
[38;5;226m[Genesis] [07:57:09] [WARNING] Neutral robot position (qpos0) exceeds joint limits.[0m
[38;5;226m[Genesis] [07:57:09] [WARNING] Constraint solver time constant should be greater than 2*substep_dt. timeconst is changed from `0.005` to `0.01`). Decrease simulation timestep or increase timeconst to avoid altering the original value.[0m
[38;5;226m[Genesis] [07:57:11] [WARNING] Filtered out geometry pairs causing self-collision for the neutral configuration (qpos0): (38, 43), (39, 43), (46, 53), (47, 52), (48, 55), (49, 54). Consider tuning Morph option 'decompose_robot_error_threshold' or specify dedicated collision meshes. This behavior can be disabled by setting Morph option 'enable_neutral_collision=True'.[0m
[38;5;159m[Genesis] [07:57:14] [INFO] Compiling simulation kernels...[0m
[38;5;159m[Genesis] [07:57:23] [INFO] Building visualizer...[0m
{
  "status": "passed",
  "protocol_sha256": "8c5df763e346799356f9e9def9268f5f3fd5f7e66e26dc280df3be517dcf7999",
  "backend": "genesis_gpu",
  "n_envs": 16384,
  "process_id": 178082,
  "started_at_utc": "2026-08-03T07:57:04.721181+00:00",
  "finished_at_utc": "2026-08-03T07:59:36.340352+00:00",
  "build_seconds": 18.08493769681081,
  "warmup_seconds": 11.812922939192504,
  "measurement_seconds": 120.68279672693461,
  "environment_steps": 33554432,
  "environment_steps_per_second": 278038.2366835815,
  "simulated_seconds_per_wall_second": 2780.382366835815,
  "device": {
    "name": "AMD Radeon Graphics",
    "torch_version": "2.9.1+gitff65f5b",
    "hip_version": "7.2.53211-e1a6bc5663",
    "genesis_version": "1.2.3"
  },
  "gpu_telemetry": {
    "sample_count": 323,
    "mean_gpu_utilization_pct": 98.87925696594428,
    "max_gpu_utilization_pct": 100.0,
    "max_vram_used_bytes": 23677100032.0,
    "total_vram_bytes": 51522830336.0,
    "sampling_errors": []
  }
}
[38;5;159m[Genesis] [07:59:36] [INFO] 💤 Exiting Genesis and caching compiled kernels...[0m
