Gate 3.3 protocol=5f9497c363c32f8bbabb62e395d5814958e273d3b6d235fb46a7a5f23be6b130 matrix=c934f3427a937f2cc8594a1408e97d1ed9bf3692fa41af066f2fb8652435e983 scenarios=24
[38;5;159m[Genesis] [18:05:45] [INFO] [38;5;121m╭───────────────────────────────────────────────╮[0m[38;5;159m[0m
[38;5;159m[Genesis] [18:05:45] [INFO] [38;5;121m│┈┉┈┉┈┉┈┉┈┉┈┉┈┉┈┉┈┉┈[0m[38;5;159m [38;5;121m[1m[3mGenesis[0m[38;5;159m [38;5;121m┈┉┈┉┈┉┈┉┈┉┈┉┈┉┈┉┈┉┈│[0m[38;5;159m[0m
[38;5;159m[Genesis] [18:05:45] [INFO] [38;5;121m╰───────────────────────────────────────────────╯[0m[38;5;159m[0m
[38;5;159m[Genesis] [18:05:46] [INFO] Running on [38;5;121m[4m[AMD Radeon Graphics][0m[38;5;159m with backend [38;5;121m[4mgs.amdgpu[0m[38;5;159m. Device memory: [38;5;121m[4m47.98[0m[38;5;159m GB.[0m
[38;5;159m[Genesis] [18:05:46] [INFO] 🚀 Genesis initialized. 🔖 version: [38;5;121m[4m1.2.3[0m[38;5;159m, 🎨 theme: [38;5;121m[4mdark[0m[38;5;159m, 🌱 seed: [38;5;121m[4mNone[0m[38;5;159m, 🐛 debug: [38;5;121m[4mFalse[0m[38;5;159m, 📏 precision: [38;5;121m[4m32[0m[38;5;159m, 🔥 performance: [38;5;121m[4mFalse[0m[38;5;159m, 💬 verbose: [38;5;121m[4mINFO[0m[38;5;159m[0m
[38;5;159m[Genesis] [18:05:47] [INFO] Scene [38;5;121m[3m<5bb59c8>[0m[38;5;159m created.[0m
[38;5;159m[Genesis] [18:05:47] [INFO] Adding [38;5;121m<gs.engine.entities.RigidEntity>[0m[38;5;159m. idx: [38;5;121m0[0m[38;5;159m, uid: [38;5;121m[3m<490c8e2>[0m[38;5;159m, morph: [38;5;121m<gs.morphs.Plane>[0m[38;5;159m, material: [38;5;121m<gs.materials.Rigid>[0m[38;5;159m.[0m
[38;5;159m[Genesis] [18:05:47] [INFO] Adding [38;5;121m<gs.engine.entities.RigidEntity>[0m[38;5;159m. idx: [38;5;121m1[0m[38;5;159m, uid: [38;5;121m[3m<4a2ee57>[0m[38;5;159m, morph: [38;5;121m<gs.morphs.Box>[0m[38;5;159m, material: [38;5;121m<gs.materials.Rigid>[0m[38;5;159m.[0m
[38;5;159m[Genesis] [18:05:47] [INFO] Adding [38;5;121m<gs.engine.entities.RigidEntity>[0m[38;5;159m. idx: [38;5;121m2[0m[38;5;159m, uid: [38;5;121m[3m<887547c>[0m[38;5;159m, morph: [38;5;121m<gs.morphs.Box>[0m[38;5;159m, material: [38;5;121m<gs.materials.Rigid>[0m[38;5;159m.[0m
[38;5;159m[Genesis] [18:05:47] [INFO] Adding [38;5;121m<gs.engine.entities.RigidEntity>[0m[38;5;159m. idx: [38;5;121m3[0m[38;5;159m, uid: [38;5;121m[3m<1780c5e>[0m[38;5;159m, morph: [38;5;121m<gs.morphs.Box>[0m[38;5;159m, material: [38;5;121m<gs.materials.Rigid>[0m[38;5;159m.[0m
[38;5;159m[Genesis] [18:05:47] [INFO] Adding [38;5;121m<gs.engine.entities.RigidEntity>[0m[38;5;159m. idx: [38;5;121m4[0m[38;5;159m, uid: [38;5;121m[3m<19a35f2>[0m[38;5;159m, morph: [38;5;121m<gs.morphs.Box>[0m[38;5;159m, material: [38;5;121m<gs.materials.Rigid>[0m[38;5;159m.[0m
[38;5;159m[Genesis] [18:05:47] [INFO] Adding [38;5;121m<gs.engine.entities.RigidEntity>[0m[38;5;159m. idx: [38;5;121m5[0m[38;5;159m, uid: [38;5;121m[3m<4e35ba1>[0m[38;5;159m, morph: [38;5;121m<gs.morphs.Box>[0m[38;5;159m, material: [38;5;121m<gs.materials.Rigid>[0m[38;5;159m.[0m
[38;5;159m[Genesis] [18:05:47] [INFO] Adding [38;5;121m<gs.engine.entities.RigidEntity>[0m[38;5;159m. idx: [38;5;121m6[0m[38;5;159m, uid: [38;5;121m[3m<da2b48c>[0m[38;5;159m, morph: [38;5;121m<gs.morphs.Mesh(file='/workspace/GuardianSim/assets/ycb/011_banana/textured.obj')>[0m[38;5;159m, material: [38;5;121m<gs.materials.Rigid>[0m[38;5;159m.[0m
[38;5;159m[Genesis] [18:05:48] [INFO] Convex hull is not accurate enough for collision detection (0.547). Falling back to more expensive convex decomposition (see FileMorph options).[0m
[38;5;159m[Genesis] [18:05:48] [INFO] Adding [38;5;121m<gs.engine.entities.RigidEntity>[0m[38;5;159m. idx: [38;5;121m7[0m[38;5;159m, uid: [38;5;121m[3m<7caf65c>[0m[38;5;159m, morph: [38;5;121m<gs.morphs.Mesh(file='/workspace/GuardianSim/assets/ycb/014_lemon/textured.obj')>[0m[38;5;159m, material: [38;5;121m<gs.materials.Rigid>[0m[38;5;159m.[0m
[38;5;159m[Genesis] [18:05:48] [INFO] Adding [38;5;121m<gs.engine.entities.RigidEntity>[0m[38;5;159m. idx: [38;5;121m8[0m[38;5;159m, uid: [38;5;121m[3m<bc598ac>[0m[38;5;159m, morph: [38;5;121m<gs.morphs.Mesh(file='/workspace/GuardianSim/assets/ycb/018_plum/textured.obj')>[0m[38;5;159m, material: [38;5;121m<gs.materials.Rigid>[0m[38;5;159m.[0m
[38;5;159m[Genesis] [18:05:48] [INFO] Adding [38;5;121m<gs.engine.entities.RigidEntity>[0m[38;5;159m. idx: [38;5;121m9[0m[38;5;159m, uid: [38;5;121m[3m<1a25b9c>[0m[38;5;159m, morph: [38;5;121m<gs.morphs.Mesh(file='/workspace/GuardianSim/assets/ycb/024_bowl/textured.obj')>[0m[38;5;159m, material: [38;5;121m<gs.materials.Rigid>[0m[38;5;159m.[0m
[38;5;159m[Genesis] [18:05:48] [INFO] Convex hull is not accurate enough for collision detection (21.454). Falling back to more expensive convex decomposition (see FileMorph options).[0m
[38;5;159m[Genesis] [18:05:48] [INFO] Adding [38;5;121m<gs.engine.entities.RigidEntity>[0m[38;5;159m. idx: [38;5;121m10[0m[38;5;159m, uid: [38;5;121m[3m<dae24f2>[0m[38;5;159m, morph: [38;5;121m<gs.morphs.MJCF(file='/workspace/GuardianSim/assets/robots/franka/panda.xml')>[0m[38;5;159m, material: [38;5;121m<gs.materials.Rigid>[0m[38;5;159m.[0m
[38;5;226m[Genesis] [18:05:48] [WARNING] (MJCF) Approximating tendon by joint actuator for `finger_joint1`[0m
[38;5;226m[Genesis] [18:05:48] [WARNING] (MJCF) Approximating tendon by joint actuator for `finger_joint2`[0m
[38;5;159m[Genesis] [18:05:49] [INFO] Building scene [38;5;121m[3m<5bb59c8>[0m[38;5;159m...[0m
[38;5;226m[Genesis] [18:05:49] [WARNING] Neutral robot position (qpos0) exceeds joint limits.[0m
[38;5;226m[Genesis] [18:05:50] [WARNING] Constraint solver time constant should be greater than 2*substep_dt. timeconst is changed from `0.005` to `0.01`). Decrease simulation timestep or increase timeconst to avoid altering the original value.[0m
[38;5;226m[Genesis] [18:05:52] [WARNING] Filtered out geometry pairs causing self-collision for the neutral configuration (qpos0): (38, 43), (39, 43), (46, 53), (47, 52), (48, 55), (49, 54). Consider tuning Morph option 'decompose_robot_error_threshold' or specify dedicated collision meshes. This behavior can be disabled by setting Morph option 'enable_neutral_collision=True'.[0m
[38;5;159m[Genesis] [18:05:53] [INFO] Compiling simulation kernels...[0m
[38;5;159m[Genesis] [18:06:06] [INFO] Building visualizer...[0m
/opt/venv/lib/python3.12/site-packages/torch/utils/_device.py:103: UserWarning: The given NumPy array is not writable, and PyTorch does not support non-writable tensors. This means writing to this tensor will result in undefined behavior. You may want to copy the array to protect its data or make it writable before converting it to a tensor. This type of warning will be suppressed for the rest of this program. (Triggered internally at /app/pytorch/torch/csrc/utils/tensor_numpy.cpp:206.)
  return func(*args, **kwargs)
/opt/venv/lib/python3.12/site-packages/quadrants/_test_tools/warnings_helper.py:11: UserWarning: cannot create weak reference to 'tuple' object. Template mapper caching disabled.
  warnings.warn(message)
scenario=1/24 stratum=pose_shift id=pose_shift-011_banana-lateral_clutter-s501 decision=higher_margin_alternative baseline_safe=True guardian_safe=True planning_s=248.39
[38;5;159m[Genesis] [18:14:33] [INFO] RRTConnect planning failed in 1 environments[0m
[38;5;159m[Genesis] [18:14:33] [INFO] Planning failed. Retrying for 1 environments...[0m
[38;5;159m[Genesis] [18:15:33] [INFO] RRTConnect planning failed in 1 environments[0m
[38;5;159m[Genesis] [18:15:33] [INFO] Planning failed. Retrying for 1 environments...[0m
scenario=2/24 stratum=pose_shift id=pose_shift-011_banana-radial_clutter-s502 decision=higher_margin_alternative baseline_safe=True guardian_safe=True planning_s=298.06
[38;5;159m[Genesis] [18:16:07] [INFO] RRTConnect planning failed in 1 environments[0m
[38;5;159m[Genesis] [18:16:07] [INFO] Planning failed. Retrying for 1 environments...[0m
[38;5;159m[Genesis] [18:17:01] [INFO] RRTConnect planning failed in 1 environments[0m
[38;5;159m[Genesis] [18:17:01] [INFO] Planning failed. Retrying for 1 environments...[0m
scenario=3/24 stratum=pose_shift id=pose_shift-014_lemon-lateral_clutter-s503 decision=unsafe_nominal_replaced baseline_safe=False guardian_safe=True planning_s=234.01
[38;5;159m[Genesis] [18:21:08] [INFO] RRTConnect planning failed in 1 environments[0m
[38;5;159m[Genesis] [18:21:08] [INFO] Planning failed. Retrying for 1 environments...[0m
[38;5;159m[Genesis] [18:21:58] [INFO] RRTConnect planning failed in 1 environments[0m
[38;5;159m[Genesis] [18:21:58] [INFO] Planning failed. Retrying for 1 environments...[0m
[38;5;159m[Genesis] [18:22:09] [INFO] RRTConnect planning failed in 1 environments[0m
[38;5;159m[Genesis] [18:22:09] [INFO] Planning failed. Retrying for 1 environments...[0m
candidate yaw_+90.0_retreat_+0.000_approach_+0.140 could not complete its rollout
Traceback (most recent call last):
  File "/workspace/GuardianSim/franka_fruit_pick/guardian_rollout.py", line 194, in run_grasp_candidate
    _goto_interp(
  File "/workspace/GuardianSim/franka_fruit_pick/grasp_demo.py", line 278, in _goto_interp
    _cmd(arm_start + (arm_goal - arm_start) * (i / n))
  File "/workspace/GuardianSim/franka_fruit_pick/grasp_demo.py", line 274, in _cmd
    bundle.scene.step()
  File "/opt/venv/lib/python3.12/site-packages/genesis/utils/misc.py", line 144, in wrapper
    return method(self, *args, **kwargs)
           ^^^^^^^^^^^^^^^^^^^^^^^^^^^^^
  File "/opt/venv/lib/python3.12/site-packages/genesis/engine/scene.py", line 1057, in step
    self._sim.step()
  File "/opt/venv/lib/python3.12/site-packages/genesis/engine/simulator.py", line 278, in step
    self.rigid_solver.check_errno()
  File "/opt/venv/lib/python3.12/site-packages/genesis/engine/solvers/rigid/rigid_solver.py", line 1266, in check_errno
    gs.raise_exception("Invalid accelerations causing 'nan'. Please decrease Rigid simulation timestep.")
  File "/opt/venv/lib/python3.12/site-packages/genesis/utils/misc.py", line 37, in raise_exception
    raise gs.GenesisException(msg)
genesis.GenesisException: Invalid accelerations causing 'nan'. Please decrease Rigid simulation timestep.
[38;5;159m[Genesis] [18:23:12] [INFO] RRTConnect planning failed in 1 environments[0m
[38;5;159m[Genesis] [18:23:12] [INFO] Planning failed. Retrying for 1 environments...[0m
scenario=4/24 stratum=pose_shift id=pose_shift-014_lemon-radial_clutter-s504 decision=eligible_nominal_fallback baseline_safe=True guardian_safe=True planning_s=181.63
[38;5;159m[Genesis] [18:26:58] [INFO] RRTConnect planning failed in 1 environments[0m
[38;5;159m[Genesis] [18:26:58] [INFO] Planning failed. Retrying for 1 environments...[0m
scenario=5/24 stratum=pose_shift id=pose_shift-018_plum-lateral_clutter-s505 decision=unsafe_nominal_replaced baseline_safe=False guardian_safe=True planning_s=225.55
[38;5;159m[Genesis] [18:29:41] [INFO] RRTConnect planning failed in 1 environments[0m
[38;5;159m[Genesis] [18:29:41] [INFO] Planning failed. Retrying for 1 environments...[0m
scenario=6/24 stratum=pose_shift id=pose_shift-018_plum-radial_clutter-s506 decision=eligible_nominal_fallback baseline_safe=True guardian_safe=True planning_s=195.22
{
  "absolute_safe_completion_rate_lift": 0.33333333333333337,
  "baseline": {
    "clutter_contact_count": 2,
    "clutter_contact_rate": 0.3333333333333333,
    "episode_count": 6,
    "execution_count": 6,
    "failure_types": {
      "clutter_contact": 2,
      "safe_success": 4
    },
    "mean_clutter_clearance_m": 0.026178076570487634,
    "mean_stability": 0.908395250638326,
    "safe_completion_count": 4,
    "safe_completion_rate": 0.6666666666666666,
    "safe_stop_count": 0,
    "safe_stop_rate": 0.0,
    "task_success_count": 4,
    "task_success_rate": 0.6666666666666666
  },
  "episode_count": 6,
  "guardiansim": {
    "clutter_contact_count": 0,
    "clutter_contact_rate": 0.0,
    "episode_count": 6,
    "execution_count": 6,
    "failure_types": {
      "safe_success": 6
    },
    "mean_clutter_clearance_m": 0.0428059349579544,
    "mean_stability": 0.9052401781082153,
    "safe_completion_count": 6,
    "safe_completion_rate": 1.0,
    "safe_stop_count": 0,
    "safe_stop_rate": 0.0,
    "task_success_count": 6,
    "task_success_rate": 1.0
  },
  "strata": {
    "pose_shift": {
      "baseline": {
        "clutter_contact_count": 2,
        "clutter_contact_rate": 0.3333333333333333,
        "episode_count": 6,
        "execution_count": 6,
        "failure_types": {
          "clutter_contact": 2,
          "safe_success": 4
        },
        "mean_clutter_clearance_m": 0.026178076570487634,
        "mean_stability": 0.908395250638326,
        "safe_completion_count": 4,
        "safe_completion_rate": 0.6666666666666666,
        "safe_stop_count": 0,
        "safe_stop_rate": 0.0,
        "task_success_count": 4,
        "task_success_rate": 0.6666666666666666
      },
      "guardiansim": {
        "clutter_contact_count": 0,
        "clutter_contact_rate": 0.0,
        "episode_count": 6,
        "execution_count": 6,
        "failure_types": {
          "safe_success": 6
        },
        "mean_clutter_clearance_m": 0.0428059349579544,
        "mean_stability": 0.9052401781082153,
        "safe_completion_count": 6,
        "safe_completion_rate": 1.0,
        "safe_stop_count": 0,
        "safe_stop_rate": 0.0,
        "task_success_count": 6,
        "task_success_rate": 1.0
      }
    }
  }
}
[38;5;159m[Genesis] [18:30:51] [INFO] 💤 Exiting Genesis and caching compiled kernels...[0m
